Component: ARM Compiler 5.06 update 7 (build 960) Tool: armlink [4d3601]

==============================================================================

Section Cross References

    startup_stm32h750xx.o(STACK) refers (Special) to heapauxi.o(.text) for __use_two_region_memory
    startup_stm32h750xx.o(HEAP) refers (Special) to heapauxi.o(.text) for __use_two_region_memory
    startup_stm32h750xx.o(RESET) refers (Special) to heapauxi.o(.text) for __use_two_region_memory
    startup_stm32h750xx.o(RESET) refers to startup_stm32h750xx.o(STACK) for __initial_sp
    startup_stm32h750xx.o(RESET) refers to startup_stm32h750xx.o(.text) for Reset_Handler
    startup_stm32h750xx.o(RESET) refers to stm32h7xx_it.o(i.NMI_Handler) for NMI_Handler
    startup_stm32h750xx.o(RESET) refers to stm32h7xx_it.o(i.HardFault_Handler) for HardFault_Handler
    startup_stm32h750xx.o(RESET) refers to stm32h7xx_it.o(i.MemManage_Handler) for MemManage_Handler
    startup_stm32h750xx.o(RESET) refers to stm32h7xx_it.o(i.BusFault_Handler) for BusFault_Handler
    startup_stm32h750xx.o(RESET) refers to stm32h7xx_it.o(i.UsageFault_Handler) for UsageFault_Handler
    startup_stm32h750xx.o(RESET) refers to stm32h7xx_it.o(i.SVC_Handler) for SVC_Handler
    startup_stm32h750xx.o(RESET) refers to stm32h7xx_it.o(i.DebugMon_Handler) for DebugMon_Handler
    startup_stm32h750xx.o(RESET) refers to stm32h7xx_it.o(i.PendSV_Handler) for PendSV_Handler
    startup_stm32h750xx.o(RESET) refers to stm32h7xx_it.o(i.SysTick_Handler) for SysTick_Handler
    startup_stm32h750xx.o(RESET) refers to stm32h7xx_it.o(i.SDMMC1_IRQHandler) for SDMMC1_IRQHandler
    startup_stm32h750xx.o(.text) refers (Special) to heapauxi.o(.text) for __use_two_region_memory
    startup_stm32h750xx.o(.text) refers to system_stm32h7xx.o(i.SystemInit) for SystemInit
    startup_stm32h750xx.o(.text) refers to __main.o(!!!main) for __main
    startup_stm32h750xx.o(.text) refers to startup_stm32h750xx.o(HEAP) for Heap_Mem
    startup_stm32h750xx.o(.text) refers to startup_stm32h750xx.o(STACK) for Stack_Mem
    main.o(i.SystemClock_Config) refers to rt_memclr_w.o(.text) for __aeabi_memclr4
    main.o(i.SystemClock_Config) refers to stm32h7xx_hal_pwr_ex.o(i.HAL_PWREx_ConfigSupply) for HAL_PWREx_ConfigSupply
    main.o(i.SystemClock_Config) refers to stm32h7xx_hal_rcc.o(i.HAL_RCC_OscConfig) for HAL_RCC_OscConfig
    main.o(i.SystemClock_Config) refers to stm32h7xx_hal_rcc.o(i.HAL_RCC_ClockConfig) for HAL_RCC_ClockConfig
    main.o(i.main) refers to stm32h7xx_hal_cortex.o(i.HAL_MPU_Disable) for HAL_MPU_Disable
    main.o(i.main) refers to stm32h7xx_hal_cortex.o(i.HAL_MPU_ConfigRegion) for HAL_MPU_ConfigRegion
    main.o(i.main) refers to stm32h7xx_hal_cortex.o(i.HAL_MPU_Enable) for HAL_MPU_Enable
    main.o(i.main) refers to stm32h7xx_hal.o(i.HAL_Init) for HAL_Init
    main.o(i.main) refers to main.o(i.SystemClock_Config) for SystemClock_Config
    main.o(i.main) refers to gpio.o(i.MX_GPIO_Init) for MX_GPIO_Init
    main.o(i.main) refers to sdmmc.o(i.MX_SDMMC1_SD_Init) for MX_SDMMC1_SD_Init
    main.o(i.main) refers to fatfs.o(i.MX_FATFS_Init) for MX_FATFS_Init
    main.o(i.main) refers to stm32h7xx_hal_sd.o(i.HAL_SD_GetCardCID) for HAL_SD_GetCardCID
    main.o(i.main) refers to ff.o(i.f_mount) for f_mount
    main.o(i.main) refers to ff.o(i.f_open) for f_open
    main.o(i.main) refers to ff.o(i.f_write) for f_write
    main.o(i.main) refers to ff.o(i.f_close) for f_close
    main.o(i.main) refers to sdmmc.o(.bss) for hsd1
    main.o(i.main) refers to main.o(.bss) for .bss
    main.o(i.main) refers to main.o(.data) for .data
    gpio.o(i.MX_GPIO_Init) refers to rt_memclr_w.o(.text) for __aeabi_memclr4
    gpio.o(i.MX_GPIO_Init) refers to stm32h7xx_hal_gpio.o(i.HAL_GPIO_WritePin) for HAL_GPIO_WritePin
    gpio.o(i.MX_GPIO_Init) refers to stm32h7xx_hal_gpio.o(i.HAL_GPIO_Init) for HAL_GPIO_Init
    sdmmc.o(i.HAL_SD_MspDeInit) refers to stm32h7xx_hal_gpio.o(i.HAL_GPIO_DeInit) for HAL_GPIO_DeInit
    sdmmc.o(i.HAL_SD_MspDeInit) refers to stm32h7xx_hal_cortex.o(i.HAL_NVIC_DisableIRQ) for HAL_NVIC_DisableIRQ
    sdmmc.o(i.HAL_SD_MspInit) refers to rt_memclr_w.o(.text) for __aeabi_memclr4
    sdmmc.o(i.HAL_SD_MspInit) refers to stm32h7xx_hal_rcc_ex.o(i.HAL_RCCEx_PeriphCLKConfig) for HAL_RCCEx_PeriphCLKConfig
    sdmmc.o(i.HAL_SD_MspInit) refers to main.o(i.Error_Handler) for Error_Handler
    sdmmc.o(i.HAL_SD_MspInit) refers to stm32h7xx_hal_gpio.o(i.HAL_GPIO_Init) for HAL_GPIO_Init
    sdmmc.o(i.HAL_SD_MspInit) refers to stm32h7xx_hal_cortex.o(i.HAL_NVIC_SetPriority) for HAL_NVIC_SetPriority
    sdmmc.o(i.HAL_SD_MspInit) refers to stm32h7xx_hal_cortex.o(i.HAL_NVIC_EnableIRQ) for HAL_NVIC_EnableIRQ
    sdmmc.o(i.MX_SDMMC1_SD_Init) refers to sdmmc.o(.bss) for .bss
    stm32h7xx_it.o(i.SDMMC1_IRQHandler) refers to stm32h7xx_hal_sd.o(i.HAL_SD_IRQHandler) for HAL_SD_IRQHandler
    stm32h7xx_it.o(i.SDMMC1_IRQHandler) refers to sdmmc.o(.bss) for hsd1
[...]
    i.HAL_SD_ReadBlocks                      0x08002b48   Section        0  stm32h7xx_hal_sd.o(i.HAL_SD_ReadBlocks)
    i.HAL_SD_RxCpltCallback                  0x08002d0c   Section        0  bsp_driver_sd.o(i.HAL_SD_RxCpltCallback)
    i.HAL_SD_TxCpltCallback                  0x08002d14   Section        0  bsp_driver_sd.o(i.HAL_SD_TxCpltCallback)
    i.HAL_SD_WriteBlocks                     0x08002d1c   Section        0  stm32h7xx_hal_sd.o(i.HAL_SD_WriteBlocks)
    i.HAL_SYSTICK_Config                     0x08002ef8   Section        0  stm32h7xx_hal_cortex.o(i.HAL_SYSTICK_Config)
    i.HardFault_Handler                      0x08002f1e   Section        0  stm32h7xx_it.o(i.HardFault_Handler)
    i.MX_FATFS_Init                          0x08002f20   Section        0  fatfs.o(i.MX_FATFS_Init)
    i.MX_GPIO_Init                           0x08002f3c   Section        0  gpio.o(i.MX_GPIO_Init)
    i.MX_SDMMC1_SD_Init                      0x08002fdc   Section        0  sdmmc.o(i.MX_SDMMC1_SD_Init)
    i.MemManage_Handler                      0x08003000   Section        0  stm32h7xx_it.o(i.MemManage_Handler)
    i.NMI_Handler                            0x08003002   Section        0  stm32h7xx_it.o(i.NMI_Handler)
    i.PendSV_Handler                         0x08003004   Section        0  stm32h7xx_it.o(i.PendSV_Handler)
    i.RCCEx_PLL2_Config                      0x08003008   Section        0  stm32h7xx_hal_rcc_ex.o(i.RCCEx_PLL2_Config)
    RCCEx_PLL2_Config                        0x08003009   Thumb Code   284  stm32h7xx_hal_rcc_ex.o(i.RCCEx_PLL2_Config)
    i.RCCEx_PLL3_Config                      0x08003128   Section        0  stm32h7xx_hal_rcc_ex.o(i.RCCEx_PLL3_Config)
    RCCEx_PLL3_Config                        0x08003129   Thumb Code   284  stm32h7xx_hal_rcc_ex.o(i.RCCEx_PLL3_Config)
    i.SDMMC1_IRQHandler                      0x08003248   Section        0  stm32h7xx_it.o(i.SDMMC1_IRQHandler)
    i.SDMMC_CmdAppCommand                    0x08003254   Section        0  stm32h7xx_ll_sdmmc.o(i.SDMMC_CmdAppCommand)
    i.SDMMC_CmdAppOperCommand                0x08003288   Section        0  stm32h7xx_ll_sdmmc.o(i.SDMMC_CmdAppOperCommand)
    i.SDMMC_CmdBlockLength                   0x080032b6   Section        0  stm32h7xx_ll_sdmmc.o(i.SDMMC_CmdBlockLength)
    i.SDMMC_CmdBusWidth                      0x080032e8   Section        0  stm32h7xx_ll_sdmmc.o(i.SDMMC_CmdBusWidth)
    i.SDMMC_CmdGoIdleState                   0x0800331c   Section        0  stm32h7xx_ll_sdmmc.o(i.SDMMC_CmdGoIdleState)
    i.SDMMC_CmdOperCond                      0x08003370   Section        0  stm32h7xx_ll_sdmmc.o(i.SDMMC_CmdOperCond)
    i.SDMMC_CmdReadMultiBlock                0x08003398   Section        0  stm32h7xx_ll_sdmmc.o(i.SDMMC_CmdReadMultiBlock)
    i.SDMMC_CmdReadSingleBlock               0x080033cc   Section        0  stm32h7xx_ll_sdmmc.o(i.SDMMC_CmdReadSingleBlock)
    i.SDMMC_CmdSelDesel                      0x08003400   Section        0  stm32h7xx_ll_sdmmc.o(i.SDMMC_CmdSelDesel)
    i.SDMMC_CmdSendCID                       0x08003434   Section        0  stm32h7xx_ll_sdmmc.o(i.SDMMC_CmdSendCID)
    i.SDMMC_CmdSendCSD                       0x08003460   Section        0  stm32h7xx_ll_sdmmc.o(i.SDMMC_CmdSendCSD)
    i.SDMMC_CmdSendSCR                       0x08003490   Section        0  stm32h7xx_ll_sdmmc.o(i.SDMMC_CmdSendSCR)
    i.SDMMC_CmdSendStatus                    0x080034c2   Section        0  stm32h7xx_ll_sdmmc.o(i.SDMMC_CmdSendStatus)
    i.SDMMC_CmdSetRelAdd                     0x080034f6   Section        0  stm32h7xx_ll_sdmmc.o(i.SDMMC_CmdSetRelAdd)
    i.SDMMC_CmdStatusRegister                0x08003528   Section        0  stm32h7xx_ll_sdmmc.o(i.SDMMC_CmdStatusRegister)
    i.SDMMC_CmdStopTransfer                  0x0800355c   Section        0  stm32h7xx_ll_sdmmc.o(i.SDMMC_CmdStopTransfer)
    i.SDMMC_CmdWriteMultiBlock               0x080035b0   Section        0  stm32h7xx_ll_sdmmc.o(i.SDMMC_CmdWriteMultiBlock)
    i.SDMMC_CmdWriteSingleBlock              0x080035e4   Section        0  stm32h7xx_ll_sdmmc.o(i.SDMMC_CmdWriteSingleBlock)
    i.SDMMC_ConfigData                       0x08003618   Section        0  stm32h7xx_ll_sdmmc.o(i.SDMMC_ConfigData)
    i.SDMMC_GetCmdResp1                      0x08003640   Section        0  stm32h7xx_ll_sdmmc.o(i.SDMMC_GetCmdResp1)
    i.SDMMC_GetCmdResp2                      0x08003764   Section        0  stm32h7xx_ll_sdmmc.o(i.SDMMC_GetCmdResp2)
    i.SDMMC_GetCmdResp3                      0x080037b8   Section        0  stm32h7xx_ll_sdmmc.o(i.SDMMC_GetCmdResp3)
    i.SDMMC_GetCmdResp6                      0x08003800   Section        0  stm32h7xx_ll_sdmmc.o(i.SDMMC_GetCmdResp6)
    i.SDMMC_GetCmdResp7                      0x0800388c   Section        0  stm32h7xx_ll_sdmmc.o(i.SDMMC_GetCmdResp7)
    i.SDMMC_GetPowerState                    0x080038e4   Section        0  stm32h7xx_ll_sdmmc.o(i.SDMMC_GetPowerState)
    i.SDMMC_GetResponse                      0x080038ec   Section        0  stm32h7xx_ll_sdmmc.o(i.SDMMC_GetResponse)
    i.SDMMC_Init                             0x080038f4   Section        0  stm32h7xx_ll_sdmmc.o(i.SDMMC_Init)
    i.SDMMC_PowerState_ON                    0x08003914   Section        0  stm32h7xx_ll_sdmmc.o(i.SDMMC_PowerState_ON)
    i.SDMMC_ReadFIFO                         0x08003920   Section        0  stm32h7xx_ll_sdmmc.o(i.SDMMC_ReadFIFO)
    i.SDMMC_SendCommand                      0x08003928   Section        0  stm32h7xx_ll_sdmmc.o(i.SDMMC_SendCommand)
    i.SDMMC_WriteFIFO                        0x08003950   Section        0  stm32h7xx_ll_sdmmc.o(i.SDMMC_WriteFIFO)
    i.SD_CheckStatus                         0x0800395c   Section        0  sd_diskio.o(i.SD_CheckStatus)
    SD_CheckStatus                           0x0800395d   Thumb Code    26  sd_diskio.o(i.SD_CheckStatus)
    i.SD_FindSCR                             0x0800397c   Section        0  stm32h7xx_hal_sd.o(i.SD_FindSCR)
    SD_FindSCR                               0x0800397d   Thumb Code   224  stm32h7xx_hal_sd.o(i.SD_FindSCR)
    i.SD_InitCard                            0x08003a60   Section        0  stm32h7xx_hal_sd.o(i.SD_InitCard)
    SD_InitCard                              0x08003a61   Thumb Code   246  stm32h7xx_hal_sd.o(i.SD_InitCard)
    i.SD_PowerON                             0x08003b58   Section        0  stm32h7xx_hal_sd.o(i.SD_PowerON)
    SD_PowerON                               0x08003b59   Thumb Code   176  stm32h7xx_hal_sd.o(i.SD_PowerON)
    i.SD_SendSDStatus                        0x08003c0c   Section        0  stm32h7xx_hal_sd.o(i.SD_SendSDStatus)
    SD_SendSDStatus                          0x08003c0d   Thumb Code   222  stm32h7xx_hal_sd.o(i.SD_SendSDStatus)
    i.SD_initialize                          0x08003cf0   Section        0  sd_diskio.o(i.SD_initialize)
    i.SD_ioctl                               0x08003d10   Section        0  sd_diskio.o(i.SD_ioctl)
    i.SD_read                                0x08003d68   Section        0  sd_diskio.o(i.SD_read)
    i.SD_status                              0x08003d8e   Section        0  sd_diskio.o(i.SD_status)
    i.SD_write                               0x08003d94   Section        0  sd_diskio.o(i.SD_write)
    i.SVC_Handler                            0x08003dba   Section        0  stm32h7xx_it.o(i.SVC_Handler)
    i.SysTick_Handler                        0x08003dbc   Section        0  stm32h7xx_it.o(i.SysTick_Handler)
    i.SystemClock_Config                     0x08003dc0   Section        0  main.o(i.SystemClock_Config)
    i.SystemInit                             0x08003e68   Section        0  system_stm32h7xx.o(i.SystemInit)
    i.UsageFault_Handler                     0x08003f44   Section        0  stm32h7xx_it.o(i.UsageFault_Handler)
    i.__NVIC_SetPriority                     0x08003f46   Section        0  stm32h7xx_hal_cortex.o(i.__NVIC_SetPriority)
    __NVIC_SetPriority                       0x08003f47   Thumb Code    34  stm32h7xx_hal_cortex.o(i.__NVIC_SetPriority)
    i.check_fs                               0x08003f68   Section        0  ff.o(i.check_fs)
    check_fs                                 0x08003f69   Thumb Code   102  ff.o(i.check_fs)
    i.chk_chr                                0x08003fd8   Section        0  ff.o(i.chk_chr)
    chk_chr                                  0x08003fd9   Thumb Code    16  ff.o(i.chk_chr)
    i.chk_lock                               0x08003fe8   Section        0  ff.o(i.chk_lock)
    chk_lock                                 0x08003fe9   Thumb Code    86  ff.o(i.chk_lock)
    i.clear_lock                             0x08004044   Section        0  ff.o(i.clear_lock)
    clear_lock                               0x08004045   Thumb Code    28  ff.o(i.clear_lock)
    i.clmt_clust                             0x08004064   Section        0  ff.o(i.clmt_clust)
    clmt_clust                               0x08004065   Thumb Code    38  ff.o(i.clmt_clust)
    i.clust2sect                             0x0800408a   Section        0  ff.o(i.clust2sect)
    clust2sect                               0x0800408b   Thumb Code    24  ff.o(i.clust2sect)
    i.cmp_lfn                                0x080040a4   Section        0  ff.o(i.cmp_lfn)
    cmp_lfn                                  0x080040a5   Thumb Code   124  ff.o(i.cmp_lfn)
    i.create_chain                           0x08004124   Section        0  ff.o(i.create_chain)
    create_chain                             0x08004125   Thumb Code   166  ff.o(i.create_chain)
    i.create_name                            0x080041cc   Section        0  ff.o(i.create_name)
    create_name                              0x080041cd   Thumb Code   490  ff.o(i.create_name)
    i.dec_lock                               0x080043d0   Section        0  ff.o(i.dec_lock)
    dec_lock                                 0x080043d1   Thumb Code    48  ff.o(i.dec_lock)
    i.dir_find                               0x08004404   Section        0  ff.o(i.dir_find)
    dir_find                                 0x08004405   Thumb Code   210  ff.o(i.dir_find)
    i.dir_next                               0x080044d8   Section        0  ff.o(i.dir_next)
    dir_next                                 0x080044d9   Thumb Code   258  ff.o(i.dir_next)
    i.dir_register                           0x080045dc   Section        0  ff.o(i.dir_register)
    dir_register                             0x080045dd   Thumb Code   480  ff.o(i.dir_register)
    i.dir_sdi                                0x080047c0   Section        0  ff.o(i.dir_sdi)
    dir_sdi                                  0x080047c1   Thumb Code   142  ff.o(i.dir_sdi)
    i.disk_initialize                        0x08004850   Section        0  diskio.o(i.disk_initialize)
    i.disk_ioctl                             0x08004878   Section        0  diskio.o(i.disk_ioctl)
    i.disk_read                              0x08004890   Section        0  diskio.o(i.disk_read)
    i.disk_status                            0x080048ac   Section        0  diskio.o(i.disk_status)
    i.disk_write                             0x080048c0   Section        0  diskio.o(i.disk_write)
    i.f_close                                0x080048dc   Section        0  ff.o(i.f_close)
    i.f_mount                                0x08004904   Section        0  ff.o(i.f_mount)
    i.f_open                                 0x0800495c   Section        0  ff.o(i.f_open)
    i.f_sync                                 0x08004b80   Section        0  ff.o(i.f_sync)
    i.f_write                                0x08004c0e   Section        0  ff.o(i.f_write)
    i.ff_convert                             0x08004dbc   Section        0  ccsbcs.o(i.ff_convert)
    i.ff_wtoupper                            0x08004df8   Section        0  ccsbcs.o(i.ff_wtoupper)
    i.find_volume                            0x08004e78   Section        0  ff.o(i.find_volume)
    find_volume                              0x08004e79   Thumb Code   640  ff.o(i.find_volume)
    i.follow_path                            0x08005104   Section        0  ff.o(i.follow_path)
    follow_path                              0x08005105   Thumb Code   122  ff.o(i.follow_path)
    i.gen_numname                            0x08005180   Section        0  ff.o(i.gen_numname)
    gen_numname                              0x08005181   Thumb Code   124  ff.o(i.gen_numname)
    i.get_fat                                0x08005200   Section        0  ff.o(i.get_fat)
    get_fat                                  0x08005201   Thumb Code   234  ff.o(i.get_fat)
    i.get_fattime                            0x080052ea   Section        0  fatfs.o(i.get_fattime)
    i.get_ldnumber                           0x080052ee   Section        0  ff.o(i.get_ldnumber)
    get_ldnumber                             0x080052ef   Thumb Code    60  ff.o(i.get_ldnumber)
    i.inc_lock                               0x0800532c   Section        0  ff.o(i.inc_lock)
    inc_lock                                 0x0800532d   Thumb Code   124  ff.o(i.inc_lock)
    i.ld_clust                               0x080053ac   Section        0  ff.o(i.ld_clust)
    ld_clust                                 0x080053ad   Thumb Code    38  ff.o(i.ld_clust)
    i.ld_dword                               0x080053d2   Section        0  ff.o(i.ld_dword)
    ld_dword                                 0x080053d3   Thumb Code    22  ff.o(i.ld_dword)
    i.ld_word                                0x080053e8   Section        0  ff.o(i.ld_word)
    ld_word                                  0x080053e9   Thumb Code    10  ff.o(i.ld_word)
    i.main                                   0x080053f4   Section        0  main.o(i.main)
    i.mem_cpy                                0x080054a4   Section        0  ff.o(i.mem_cpy)
    mem_cpy                                  0x080054a5   Thumb Code    18  ff.o(i.mem_cpy)
    i.mem_set                                0x080054b8   Section        0  ff.o(i.mem_set)
    mem_set                                  0x080054b9   Thumb Code    14  ff.o(i.mem_set)
    i.move_window                            0x080054c6   Section        0  ff.o(i.move_window)
    move_window                              0x080054c7   Thumb Code    50  ff.o(i.move_window)
    i.put_fat                                0x080054f8   Section        0  ff.o(i.put_fat)
    put_fat                                  0x080054f9   Thumb Code   300  ff.o(i.put_fat)
    i.remove_chain                           0x08005624   Section        0  ff.o(i.remove_chain)
    remove_chain                             0x08005625   Thumb Code   116  ff.o(i.remove_chain)
    i.st_clust                               0x08005698   Section        0  ff.o(i.st_clust)
    st_clust                                 0x08005699   Thumb Code    40  ff.o(i.st_clust)
    i.st_dword                               0x080056c0   Section        0  ff.o(i.st_dword)
    st_dword                                 0x080056c1   Thumb Code    16  ff.o(i.st_dword)
    i.st_word                                0x080056d0   Section        0  ff.o(i.st_word)
    st_word                                  0x080056d1   Thumb Code     8  ff.o(i.st_word)
    i.sum_sfn                                0x080056d8   Section        0  ff.o(i.sum_sfn)
    sum_sfn                                  0x080056d9   Thumb Code    28  ff.o(i.sum_sfn)
    i.sync_fs                                0x080056f4   Section        0  ff.o(i.sync_fs)
    sync_fs                                  0x080056f5   Thumb Code   126  ff.o(i.sync_fs)
    i.sync_window                            0x0800577c   Section        0  ff.o(i.sync_window)
    sync_window                              0x0800577d   Thumb Code    82  ff.o(i.sync_window)
    i.validate                               0x080057ce   Section        0  ff.o(i.validate)
    validate                                 0x080057cf   Thumb Code    52  ff.o(i.validate)
    x$fpl$fpinit                             0x08005802   Section       10  fpinit.o(x$fpl$fpinit)
    $v0                                      0x08005802   Number         0  fpinit.o(x$fpl$fpinit)
    .constdata                               0x0800580c   Section       20  sd_diskio.o(.constdata)
    .constdata                               0x08005820   Section       16  system_stm32h7xx.o(.constdata)
    .constdata                               0x08005830   Section      170  ff.o(.constdata)
    ExCvt                                    0x08005830   Data         128  ff.o(.constdata)
    LfnOfs                                   0x080058b0   Data          13  ff.o(.constdata)
    cst                                      0x080058be   Data          14  ff.o(.constdata)
    cst32                                    0x080058cc   Data          14  ff.o(.constdata)
    .constdata                               0x080058da   Section      942  ccsbcs.o(.constdata)
    Tbl                                      0x080058da   Data         256  ccsbcs.o(.constdata)
    cvt1                                     0x080059da   Data         498  ccsbcs.o(.constdata)
    cvt2                                     0x08005bcc   Data         188  ccsbcs.o(.constdata)
    .data                                    0x24000000   Section       48  main.o(.data)
    .data                                    0x24000030   Section        1  sd_diskio.o(.data)
    Stat                                     0x24000030   Data           1  sd_diskio.o(.data)
    .data                                    0x24000031   Section        5  fatfs.o(.data)
    .data                                    0x24000038   Section       12  stm32h7xx_hal.o(.data)
    .data                                    0x24000044   Section        8  system_stm32h7xx.o(.data)
    .data                                    0x2400004c   Section        8  ff.o(.data)
    Fsid                                     0x2400004c   Data           2  ff.o(.data)
    FatFs                                    0x24000050   Data           4  ff.o(.data)
    .bss                                     0x24000054   Section     8296  main.o(.bss)
    .bss                                     0x240020bc   Section      124  sdmmc.o(.bss)
    .bss                                     0x24002138   Section       32  ff.o(.bss)
    Files                                    0x24002138   Data          32  ff.o(.bss)
    .bss                                     0x24002158   Section       12  ff_gen_drv.o(.bss)
    .bss                                     0x24002164   Section       96  libspace.o(.bss)
    HEAP                                     0x240021c8   Section     4096  startup_stm32h750xx.o(HEAP)
    Heap_Mem                                 0x240021c8   Data        4096  startup_stm32h750xx.o(HEAP)
    STACK                                    0x240031c8   Section     4096  startup_stm32h750xx.o(STACK)
    Stack_Mem                                0x240031c8   Data        4096  startup_stm32h750xx.o(STACK)
    __initial_sp                             0x240041c8   Data           0  startup_stm32h750xx.o(STACK)

    Global Symbols

    Symbol Name                              Value     Ov Type        Size  Object(Section)

    BuildAttributes$$THM_ISAv4$E$P$D$K$B$S$7EM$VFPv5_D16$PE$PLD8$A:L22UL41UL21$X:L11$S22US41US21$IEEE1$IW$USESV6$~STKCKD$USESV7$~SHL$OSPACE$ROPI$EBA8$UX$STANDARDLIB$REQ8$PRES8$EABIv2 0x00000000   Number         0  anon$$obj.o ABSOLUTE
    __ARM_use_no_argv                        0x00000000   Number         0  main.o ABSOLUTE
    __ARM_exceptions_init                     - Undefined Weak Reference
    __alloca_initialize                       - Undefined Weak Reference
    __arm_fini_                               - Undefined Weak Reference
    __arm_preinit_                            - Undefined Weak Reference
    __cpp_initialize__aeabi_                  - Undefined Weak Reference
    __cxa_finalize                            - Undefined Weak Reference
    __rt_locale                               - Undefined Weak Reference
    __sigvec_lookup                           - Undefined Weak Reference
    _atexit_init                              - Undefined Weak Reference
    _call_atexit_fns                          - Undefined Weak Reference
    _clock_init                               - Undefined Weak Reference
    _fp_trap_init                             - Undefined Weak Reference
    _fp_trap_shutdown                         - Undefined Weak Reference
    _get_lc_collate                           - Undefined Weak Reference
    _get_lc_ctype                             - Undefined Weak Reference
    _get_lc_monetary                          - Undefined Weak Reference
    _get_lc_numeric                           - Undefined Weak Reference
    _get_lc_time                              - Undefined Weak Reference
    _getenv_init                              - Undefined Weak Reference
    _handle_redirection                       - Undefined Weak Reference
    _init_alloc                               - Undefined Weak Reference
    _init_user_alloc                          - Undefined Weak Reference
    _initio                                   - Undefined Weak Reference
    _rand_init                                - Undefined Weak Reference
    _signal_finish                            - Undefined Weak Reference
    _signal_init                              - Undefined Weak Reference
    _terminate_alloc                          - Undefined Weak Reference
    _terminate_user_alloc                     - Undefined Weak Reference
    _terminateio                              - Undefined Weak Reference
    __Vectors_Size                           0x00000298   Number         0  startup_stm32h750xx.o ABSOLUTE
    __Vectors                                0x08000000   Data           4  startup_stm32h750xx.o(RESET)
    __Vectors_End                            0x08000298   Data           0  startup_stm32h750xx.o(RESET)
    __main                                   0x08000299   Thumb Code     8  __main.o(!!!main)
    __scatterload                            0x080002a1   Thumb Code     0  __scatter.o(!!!scatter)
    __scatterload_rt2                        0x080002a1   Thumb Code    44  __scatter.o(!!!scatter)
    __scatterload_rt2_thumb_only             0x080002a1   Thumb Code     0  __scatter.o(!!!scatter)
    __scatterload_null                       0x080002af   Thumb Code     0  __scatter.o(!!!scatter)
    __scatterload_copy                       0x080002d5   Thumb Code    26  __scatter_copy.o(!!handler_copy)
    __scatterload_zeroinit                   0x080002f1   Thumb Code    28  __scatter_zi.o(!!handler_zi)
    __rt_lib_init                            0x0800030d   Thumb Code     0  libinit.o(.ARM.Collect$$libinit$$00000000)
    __rt_lib_init_fp_1                       0x0800030f   Thumb Code     0  libinit2.o(.ARM.Collect$$libinit$$00000001)
    __rt_lib_init_alloca_1                   0x08000313   Thumb Code     0  libinit2.o(.ARM.Collect$$libinit$$0000002E)
    __rt_lib_init_argv_1                     0x08000313   Thumb Code     0  libinit2.o(.ARM.Collect$$libinit$$0000002C)
    __rt_lib_init_atexit_1                   0x08000313   Thumb Code     0  libinit2.o(.ARM.Collect$$libinit$$0000001B)
    __rt_lib_init_clock_1                    0x08000313   Thumb Code     0  libinit2.o(.ARM.Collect$$libinit$$00000021)
    __rt_lib_init_cpp_1                      0x08000313   Thumb Code     0  libinit2.o(.ARM.Collect$$libinit$$00000032)
    __rt_lib_init_exceptions_1               0x08000313   Thumb Code     0  libinit2.o(.ARM.Collect$$libinit$$00000030)
    __rt_lib_init_fp_trap_1                  0x08000313   Thumb Code     0  libinit2.o(.ARM.Collect$$libinit$$0000001F)
    __rt_lib_init_getenv_1                   0x08000313   Thumb Code     0  libinit2.o(.ARM.Collect$$libinit$$00000023)
    __rt_lib_init_heap_1                     0x08000313   Thumb Code     0  libinit2.o(.ARM.Collect$$libinit$$0000000A)
    __rt_lib_init_lc_collate_1               0x08000313   Thumb Code     0  libinit2.o(.ARM.Collect$$libinit$$00000011)
    __rt_lib_init_lc_ctype_1                 0x08000313   Thumb Code     0  libinit2.o(.ARM.Collect$$libinit$$00000013)
    __rt_lib_init_lc_monetary_1              0x08000313   Thumb Code     0  libinit2.o(.ARM.Collect$$libinit$$00000015)
    __rt_lib_init_lc_numeric_1               0x08000313   Thumb Code     0  libinit2.o(.ARM.Collect$$libinit$$00000017)
    __rt_lib_init_lc_time_1                  0x08000313   Thumb Code     0  libinit2.o(.ARM.Collect$$libinit$$00000019)
    __rt_lib_init_preinit_1                  0x08000313   Thumb Code     0  libinit2.o(.ARM.Collect$$libinit$$00000004)
    __rt_lib_init_rand_1                     0x08000313   Thumb Code     0  libinit2.o(.ARM.Collect$$libinit$$0000000E)
    __rt_lib_init_return                     0x08000313   Thumb Code     0  libinit2.o(.ARM.Collect$$libinit$$00000033)
    __rt_lib_init_signal_1                   0x08000313   Thumb Code     0  libinit2.o(.ARM.Collect$$libinit$$0000001D)
    __rt_lib_init_stdio_1                    0x08000313   Thumb Code     0  libinit2.o(.ARM.Collect$$libinit$$00000025)
    __rt_lib_init_user_alloc_1               0x08000313   Thumb Code     0  libinit2.o(.ARM.Collect$$libinit$$0000000C)
    __rt_lib_shutdown                        0x08000315   Thumb Code     0  libshutdown.o(.ARM.Collect$$libshutdown$$00000000)
    __rt_lib_shutdown_cpp_1                  0x08000317   Thumb Code     0  libshutdown2.o(.ARM.Collect$$libshutdown$$00000004)
    __rt_lib_shutdown_fini_1                 0x08000317   Thumb Code     0  libshutdown2.o(.ARM.Collect$$libshutdown$$00000002)
    __rt_lib_shutdown_fp_trap_1              0x08000317   Thumb Code     0  libshutdown2.o(.ARM.Collect$$libshutdown$$00000009)
    __rt_lib_shutdown_heap_1                 0x08000317   Thumb Code     0  libshutdown2.o(.ARM.Collect$$libshutdown$$00000011)
    __rt_lib_shutdown_return                 0x08000317   Thumb Code     0  libshutdown2.o(.ARM.Collect$$libshutdown$$00000012)
    __rt_lib_shutdown_signal_1               0x08000317   Thumb Code     0  libshutdown2.o(.ARM.Collect$$libshutdown$$0000000C)
    __rt_lib_shutdown_stdio_1                0x08000317   Thumb Code     0  libshutdown2.o(.ARM.Collect$$libshutdown$$00000006)
    __rt_lib_shutdown_user_alloc_1           0x08000317   Thumb Code     0  libshutdown2.o(.ARM.Collect$$libshutdown$$0000000E)
    __rt_entry                               0x08000319   Thumb Code     0  __rtentry.o(.ARM.Collect$$rtentry$$00000000)
    __rt_entry_presh_1                       0x08000319   Thumb Code     0  __rtentry2.o(.ARM.Collect$$rtentry$$00000002)
    __rt_entry_sh                            0x08000319   Thumb Code     0  __rtentry4.o(.ARM.Collect$$rtentry$$00000004)
    __rt_entry_li                            0x0800031f   Thumb Code     0  __rtentry2.o(.ARM.Collect$$rtentry$$0000000A)
    __rt_entry_postsh_1                      0x0800031f   Thumb Code     0  __rtentry2.o(.ARM.Collect$$rtentry$$00000009)
    __rt_entry_main                          0x08000323   Thumb Code     0  __rtentry2.o(.ARM.Collect$$rtentry$$0000000D)
    __rt_entry_postli_1                      0x08000323   Thumb Code     0  __rtentry2.o(.ARM.Collect$$rtentry$$0000000C)
    __rt_exit                                0x0800032b   Thumb Code     0  rtexit.o(.ARM.Collect$$rtexit$$00000000)
    __rt_exit_ls                             0x0800032d   Thumb Code     0  rtexit2.o(.ARM.Collect$$rtexit$$00000003)
    __rt_exit_prels_1                        0x0800032d   Thumb Code     0  rtexit2.o(.ARM.Collect$$rtexit$$00000002)
    __rt_exit_exit                           0x08000331   Thumb Code     0  rtexit2.o(.ARM.Collect$$rtexit$$00000004)
    Reset_Handler                            0x08000339   Thumb Code     8  startup_stm32h750xx.o(.text)
    ADC3_IRQHandler                          0x08000353   Thumb Code     0  startup_stm32h750xx.o(.text)
    ADC_IRQHandler                           0x08000353   Thumb Code     0  startup_stm32h750xx.o(.text)
    BDMA_Channel0_IRQHandler                 0x08000353   Thumb Code     0  startup_stm32h750xx.o(.text)
    BDMA_Channel1_IRQHandler                 0x08000353   Thumb Code     0  startup_stm32h750xx.o(.text)
    BDMA_Channel2_IRQHandler                 0x08000353   Thumb Code     0  startup_stm32h750xx.o(.text)
    BDMA_Channel3_IRQHandler                 0x08000353   Thumb Code     0  startup_stm32h750xx.o(.text)
    BDMA_Channel4_IRQHandler                 0x08000353   Thumb Code     0  startup_stm32h750xx.o(.text)
    BDMA_Channel5_IRQHandler                 0x08000353   Thumb Code     0  startup_stm32h750xx.o(.text)
    BDMA_Channel6_IRQHandler                 0x08000353   Thumb Code     0  startup_stm32h750xx.o(.text)
    BDMA_Channel7_IRQHandler                 0x08000353   Thumb Code     0  startup_stm32h750xx.o(.text)
    CEC_IRQHandler                           0x08000353   Thumb Code     0  startup_stm32h750xx.o(.text)
    COMP1_IRQHandler                         0x08000353   Thumb Code     0  startup_stm32h750xx.o(.text)
    CRS_IRQHandler                           0x08000353   Thumb Code     0  startup_stm32h750xx.o(.text)
    CRYP_IRQHandler                          0x08000353   Thumb Code     0  startup_stm32h750xx.o(.text)
    DCMI_IRQHandler                          0x08000353   Thumb Code     0  startup_stm32h750xx.o(.text)
    DFSDM1_FLT0_IRQHandler                   0x08000353   Thumb Code     0  startup_stm32h750xx.o(.text)
    DFSDM1_FLT1_IRQHandler                   0x08000353   Thumb Code     0  startup_stm32h750xx.o(.text)
    DFSDM1_FLT2_IRQHandler                   0x08000353   Thumb Code     0  startup_stm32h750xx.o(.text)
    DFSDM1_FLT3_IRQHandler                   0x08000353   Thumb Code     0  startup_stm32h750xx.o(.text)
    DMA1_Stream0_IRQHandler                  0x08000353   Thumb Code     0  startup_stm32h750xx.o(.text)
    DMA1_Stream1_IRQHandler                  0x08000353   Thumb Code     0  startup_stm32h750xx.o(.text)
    DMA1_Stream2_IRQHandler                  0x08000353   Thumb Code     0  startup_stm32h750xx.o(.text)
    DMA1_Stream3_IRQHandler                  0x08000353   Thumb Code     0  startup_stm32h750xx.o(.text)
    DMA1_Stream4_IRQHandler                  0x08000353   Thumb Code     0  startup_stm32h750xx.o(.text)
    DMA1_Stream5_IRQHandler                  0x08000353   Thumb Code     0  startup_stm32h750xx.o(.text)
    DMA1_Stream6_IRQHandler                  0x08000353   Thumb Code     0  startup_stm32h750xx.o(.text)
    DMA1_Stream7_IRQHandler                  0x08000353   Thumb Code     0  startup_stm32h750xx.o(.text)
    DMA2D_IRQHandler                         0x08000353   Thumb Code     0  startup_stm32h750xx.o(.text)
    DMA2_Stream0_IRQHandler                  0x08000353   Thumb Code     0  startup_stm32h750xx.o(.text)
    DMA2_Stream1_IRQHandler                  0x08000353   Thumb Code     0  startup_stm32h750xx.o(.text)
    DMA2_Stream2_IRQHandler                  0x08000353   Thumb Code     0  startup_stm32h750xx.o(.text)
    DMA2_Stream3_IRQHandler                  0x08000353   Thumb Code     0  startup_stm32h750xx.o(.text)
    DMA2_Stream4_IRQHandler                  0x08000353   Thumb Code     0  startup_stm32h750xx.o(.text)
    DMA2_Stream5_IRQHandler                  0x08000353   Thumb Code     0  startup_stm32h750xx.o(.text)
    DMA2_Stream6_IRQHandler                  0x08000353   Thumb Code     0  startup_stm32h750xx.o(.text)
    DMA2_Stream7_IRQHandler                  0x08000353   Thumb Code     0  startup_stm32h750xx.o(.text)
    DMAMUX1_OVR_IRQHandler                   0x08000353   Thumb Code     0  startup_stm32h750xx.o(.text)
    DMAMUX2_OVR_IRQHandler                   0x08000353   Thumb Code     0  startup_stm32h750xx.o(.text)
    ECC_IRQHandler                           0x08000353   Thumb Code     0  startup_stm32h750xx.o(.text)
    ETH_IRQHandler                           0x08000353   Thumb Code     0  startup_stm32h750xx.o(.text)
    ETH_WKUP_IRQHandler                      0x08000353   Thumb Code     0  startup_stm32h750xx.o(.text)
    EXTI0_IRQHandler                         0x08000353   Thumb Code     0  startup_stm32h750xx.o(.text)
    EXTI15_10_IRQHandler                     0x08000353   Thumb Code     0  startup_stm32h750xx.o(.text)
    EXTI1_IRQHandler                         0x08000353   Thumb Code     0  startup_stm32h750xx.o(.text)
    EXTI2_IRQHandler                         0x08000353   Thumb Code     0  startup_stm32h750xx.o(.text)
    EXTI3_IRQHandler                         0x08000353   Thumb Code     0  startup_stm32h750xx.o(.text)
    EXTI4_IRQHandler                         0x08000353   Thumb Code     0  startup_stm32h750xx.o(.text)
    EXTI9_5_IRQHandler                       0x08000353   Thumb Code     0  startup_stm32h750xx.o(.text)
    FDCAN1_IT0_IRQHandler                    0x08000353   Thumb Code     0  startup_stm32h750xx.o(.text)
    FDCAN1_IT1_IRQHandler                    0x08000353   Thumb Code     0  startup_stm32h750xx.o(.text)
    FDCAN2_IT0_IRQHandler                    0x08000353   Thumb Code     0  startup_stm32h750xx.o(.text)
    FDCAN2_IT1_IRQHandler                    0x08000353   Thumb Code     0  startup_stm32h750xx.o(.text)
    FDCAN_CAL_IRQHandler                     0x08000353   Thumb Code     0  startup_stm32h750xx.o(.text)
    FLASH_IRQHandler                         0x08000353   Thumb Code     0  startup_stm32h750xx.o(.text)
    FMC_IRQHandler                           0x08000353   Thumb Code     0  startup_stm32h750xx.o(.text)
    FPU_IRQHandler                           0x08000353   Thumb Code     0  startup_stm32h750xx.o(.text)
    HASH_RNG_IRQHandler                      0x08000353   Thumb Code     0  startup_stm32h750xx.o(.text)
    HRTIM1_FLT_IRQHandler                    0x08000353   Thumb Code     0  startup_stm32h750xx.o(.text)
    HRTIM1_Master_IRQHandler                 0x08000353   Thumb Code     0  startup_stm32h750xx.o(.text)
    HRTIM1_TIMA_IRQHandler                   0x08000353   Thumb Code     0  startup_stm32h750xx.o(.text)
    HRTIM1_TIMB_IRQHandler                   0x08000353   Thumb Code     0  startup_stm32h750xx.o(.text)
    HRTIM1_TIMC_IRQHandler                   0x08000353   Thumb Code     0  startup_stm32h750xx.o(.text)
    HRTIM1_TIMD_IRQHandler                   0x08000353   Thumb Code     0  startup_stm32h750xx.o(.text)
    HRTIM1_TIME_IRQHandler                   0x08000353   Thumb Code     0  startup_stm32h750xx.o(.text)
    HSEM1_IRQHandler                         0x08000353   Thumb Code     0  startup_stm32h750xx.o(.text)
    I2C1_ER_IRQHandler                       0x08000353   Thumb Code     0  startup_stm32h750xx.o(.text)
    I2C1_EV_IRQHandler                       0x08000353   Thumb Code     0  startup_stm32h750xx.o(.text)
    I2C2_ER_IRQHandler                       0x08000353   Thumb Code     0  startup_stm32h750xx.o(.text)
    I2C2_EV_IRQHandler                       0x08000353   Thumb Code     0  startup_stm32h750xx.o(.text)
    I2C3_ER_IRQHandler                       0x08000353   Thumb Code     0  startup_stm32h750xx.o(.text)
    I2C3_EV_IRQHandler                       0x08000353   Thumb Code     0  startup_stm32h750xx.o(.text)
    I2C4_ER_IRQHandler                       0x08000353   Thumb Code     0  startup_stm32h750xx.o(.text)
    I2C4_EV_IRQHandler                       0x08000353   Thumb Code     0  startup_stm32h750xx.o(.text)
    JPEG_IRQHandler                          0x08000353   Thumb Code     0  startup_stm32h750xx.o(.text)
    LPTIM1_IRQHandler                        0x08000353   Thumb Code     0  startup_stm32h750xx.o(.text)
    LPTIM2_IRQHandler                        0x08000353   Thumb Code     0  startup_stm32h750xx.o(.text)
    LPTIM3_IRQHandler                        0x08000353   Thumb Code     0  startup_stm32h750xx.o(.text)
    LPTIM4_IRQHandler                        0x08000353   Thumb Code     0  startup_stm32h750xx.o(.text)
    LPTIM5_IRQHandler                        0x08000353   Thumb Code     0  startup_stm32h750xx.o(.text)
    LPUART1_IRQHandler                       0x08000353   Thumb Code     0  startup_stm32h750xx.o(.text)
    LTDC_ER_IRQHandler                       0x08000353   Thumb Code     0  startup_stm32h750xx.o(.text)
    LTDC_IRQHandler                          0x08000353   Thumb Code     0  startup_stm32h750xx.o(.text)
    MDIOS_IRQHandler                         0x08000353   Thumb Code     0  startup_stm32h750xx.o(.text)
    MDIOS_WKUP_IRQHandler                    0x08000353   Thumb Code     0  startup_stm32h750xx.o(.text)
    MDMA_IRQHandler                          0x08000353   Thumb Code     0  startup_stm32h750xx.o(.text)
    OTG_FS_EP1_IN_IRQHandler                 0x08000353   Thumb Code     0  startup_stm32h750xx.o(.text)
    OTG_FS_EP1_OUT_IRQHandler                0x08000353   Thumb Code     0  startup_stm32h750xx.o(.text)
    OTG_FS_IRQHandler                        0x08000353   Thumb Code     0  startup_stm32h750xx.o(.text)
    OTG_FS_WKUP_IRQHandler                   0x08000353   Thumb Code     0  startup_stm32h750xx.o(.text)
    OTG_HS_EP1_IN_IRQHandler                 0x08000353   Thumb Code     0  startup_stm32h750xx.o(.text)
    OTG_HS_EP1_OUT_IRQHandler                0x08000353   Thumb Code     0  startup_stm32h750xx.o(.text)
    OTG_HS_IRQHandler                        0x08000353   Thumb Code     0  startup_stm32h750xx.o(.text)
    OTG_HS_WKUP_IRQHandler                   0x08000353   Thumb Code     0  startup_stm32h750xx.o(.text)
    PVD_AVD_IRQHandler                       0x08000353   Thumb Code     0  startup_stm32h750xx.o(.text)
    QUADSPI_IRQHandler                       0x08000353   Thumb Code     0  startup_stm32h750xx.o(.text)
    RCC_IRQHandler                           0x08000353   Thumb Code     0  startup_stm32h750xx.o(.text)
    RTC_Alarm_IRQHandler                     0x08000353   Thumb Code     0  startup_stm32h750xx.o(.text)
    RTC_WKUP_IRQHandler                      0x08000353   Thumb Code     0  startup_stm32h750xx.o(.text)
    SAI1_IRQHandler                          0x08000353   Thumb Code     0  startup_stm32h750xx.o(.text)
    SAI2_IRQHandler                          0x08000353   Thumb Code     0  startup_stm32h750xx.o(.text)
    SAI3_IRQHandler                          0x08000353   Thumb Code     0  startup_stm32h750xx.o(.text)
    SAI4_IRQHandler                          0x08000353   Thumb Code     0  startup_stm32h750xx.o(.text)
    SDMMC2_IRQHandler                        0x08000353   Thumb Code     0  startup_stm32h750xx.o(.text)
    SPDIF_RX_IRQHandler                      0x08000353   Thumb Code     0  startup_stm32h750xx.o(.text)
    SPI1_IRQHandler                          0x08000353   Thumb Code     0  startup_stm32h750xx.o(.text)
    SPI2_IRQHandler                          0x08000353   Thumb Code     0  startup_stm32h750xx.o(.text)
    SPI3_IRQHandler                          0x08000353   Thumb Code     0  startup_stm32h750xx.o(.text)
    SPI4_IRQHandler                          0x08000353   Thumb Code     0  startup_stm32h750xx.o(.text)
    SPI5_IRQHandler                          0x08000353   Thumb Code     0  startup_stm32h750xx.o(.text)
    SPI6_IRQHandler                          0x08000353   Thumb Code     0  startup_stm32h750xx.o(.text)
    SWPMI1_IRQHandler                        0x08000353   Thumb Code     0  startup_stm32h750xx.o(.text)
    TAMP_STAMP_IRQHandler                    0x08000353   Thumb Code     0  startup_stm32h750xx.o(.text)
    TIM15_IRQHandler                         0x08000353   Thumb Code     0  startup_stm32h750xx.o(.text)
    TIM16_IRQHandler                         0x08000353   Thumb Code     0  startup_stm32h750xx.o(.text)
    TIM17_IRQHandler                         0x08000353   Thumb Code     0  startup_stm32h750xx.o(.text)
    TIM1_BRK_IRQHandler                      0x08000353   Thumb Code     0  startup_stm32h750xx.o(.text)
    TIM1_CC_IRQHandler                       0x08000353   Thumb Code     0  startup_stm32h750xx.o(.text)
    TIM1_TRG_COM_IRQHandler                  0x08000353   Thumb Code     0  startup_stm32h750xx.o(.text)
    TIM1_UP_IRQHandler                       0x08000353   Thumb Code     0  startup_stm32h750xx.o(.text)
    TIM2_IRQHandler                          0x08000353   Thumb Code     0  startup_stm32h750xx.o(.text)
    TIM3_IRQHandler                          0x08000353   Thumb Code     0  startup_stm32h750xx.o(.text)
    TIM4_IRQHandler                          0x08000353   Thumb Code     0  startup_stm32h750xx.o(.text)
    TIM5_IRQHandler                          0x08000353   Thumb Code     0  startup_stm32h750xx.o(.text)
    TIM6_DAC_IRQHandler                      0x08000353   Thumb Code     0  startup_stm32h750xx.o(.text)
    TIM7_IRQHandler                          0x08000353   Thumb Code     0  startup_stm32h750xx.o(.text)
    TIM8_BRK_TIM12_IRQHandler                0x08000353   Thumb Code     0  startup_stm32h750xx.o(.text)
    TIM8_CC_IRQHandler                       0x08000353   Thumb Code     0  startup_stm32h750xx.o(.text)
    TIM8_TRG_COM_TIM14_IRQHandler            0x08000353   Thumb Code     0  startup_stm32h750xx.o(.text)
    TIM8_UP_TIM13_IRQHandler                 0x08000353   Thumb Code     0  startup_stm32h750xx.o(.text)
    UART4_IRQHandler                         0x08000353   Thumb Code     0  startup_stm32h750xx.o(.text)
    UART5_IRQHandler                         0x08000353   Thumb Code     0  startup_stm32h750xx.o(.text)
    UART7_IRQHandler                         0x08000353   Thumb Code     0  startup_stm32h750xx.o(.text)
    UART8_IRQHandler                         0x08000353   Thumb Code     0  startup_stm32h750xx.o(.text)
    USART1_IRQHandler                        0x08000353   Thumb Code     0  startup_stm32h750xx.o(.text)
    USART2_IRQHandler                        0x08000353   Thumb Code     0  startup_stm32h750xx.o(.text)
    USART3_IRQHandler                        0x08000353   Thumb Code     0  startup_stm32h750xx.o(.text)
    USART6_IRQHandler                        0x08000353   Thumb Code     0  startup_stm32h750xx.o(.text)
    WAKEUP_PIN_IRQHandler                    0x08000353   Thumb Code     0  startup_stm32h750xx.o(.text)
    WWDG_IRQHandler                          0x08000353   Thumb Code     0  startup_stm32h750xx.o(.text)
    __user_initial_stackheap                 0x08000355   Thumb Code     0  startup_stm32h750xx.o(.text)
    __aeabi_memclr4                          0x08000379   Thumb Code     0  rt_memclr_w.o(.text)
    __aeabi_memclr8                          0x08000379   Thumb Code     0  rt_memclr_w.o(.text)
    __rt_memclr_w                            0x08000379   Thumb Code    78  rt_memclr_w.o(.text)
    _memset_w                                0x0800037d   Thumb Code     0  rt_memclr_w.o(.text)
    __use_two_region_memory                  0x080003c7   Thumb Code     2  heapauxi.o(.text)
    __rt_heap_escrow$2region                 0x080003c9   Thumb Code     2  heapauxi.o(.text)
    __rt_heap_expand$2region                 0x080003cb   Thumb Code     2  heapauxi.o(.text)
    __user_setup_stackheap                   0x080003cd   Thumb Code    74  sys_stackheap_outer.o(.text)
    exit                                     0x08000417   Thumb Code    18  exit.o(.text)
    __user_libspace                          0x08000429   Thumb Code     8  libspace.o(.text)
    __user_perproc_libspace                  0x08000429   Thumb Code     0  libspace.o(.text)
    __user_perthread_libspace                0x08000429   Thumb Code     0  libspace.o(.text)
    _sys_exit                                0x08000431   Thumb Code     8  sys_exit.o(.text)
    __I$use$semihosting                      0x0800043d   Thumb Code     0  use_no_semi.o(.text)
    __use_no_semihosting_swi                 0x0800043d   Thumb Code     2  use_no_semi.o(.text)
    __semihosting_library_function           0x0800043f   Thumb Code     0  indicate_semi.o(.text)
    BSP_PlatformIsDetected                   0x08000441   Thumb Code    20  fatfs_platform.o(i.BSP_PlatformIsDetected)
    BSP_SD_GetCardInfo                       0x08000459   Thumb Code     8  bsp_driver_sd.o(i.BSP_SD_GetCardInfo)
    BSP_SD_GetCardState                      0x08000465   Thumb Code    20  bsp_driver_sd.o(i.BSP_SD_GetCardState)
    BSP_SD_Init                              0x0800047d   Thumb Code    42  bsp_driver_sd.o(i.BSP_SD_Init)
    BSP_SD_IsDetected                        0x080004ad   Thumb Code    26  bsp_driver_sd.o(i.BSP_SD_IsDetected)
    BSP_SD_ReadBlocks                        0x080004c9   Thumb Code    26  bsp_driver_sd.o(i.BSP_SD_ReadBlocks)
    BSP_SD_ReadCpltCallback                  0x080004e9   Thumb Code     2  bsp_driver_sd.o(i.BSP_SD_ReadCpltCallback)
    BSP_SD_WriteBlocks                       0x080004ed   Thumb Code    26  bsp_driver_sd.o(i.BSP_SD_WriteBlocks)
    BSP_SD_WriteCpltCallback                 0x0800050d   Thumb Code     2  bsp_driver_sd.o(i.BSP_SD_WriteCpltCallback)
    BusFault_Handler                         0x0800050f   Thumb Code     2  stm32h7xx_it.o(i.BusFault_Handler)
    DebugMon_Handler                         0x08000511   Thumb Code     2  stm32h7xx_it.o(i.DebugMon_Handler)
    Error_Handler                            0x08000513   Thumb Code     4  main.o(i.Error_Handler)
    FATFS_LinkDriver                         0x08000517   Thumb Code     6  ff_gen_drv.o(i.FATFS_LinkDriver)
    FATFS_LinkDriverEx                       0x0800051d   Thumb Code    58  ff_gen_drv.o(i.FATFS_LinkDriverEx)
    HAL_Delay                                0x0800055d   Thumb Code    32  stm32h7xx_hal.o(i.HAL_Delay)
    HAL_GPIO_Init                            0x08000581   Thumb Code   506  stm32h7xx_hal_gpio.o(i.HAL_GPIO_Init)
    HAL_GPIO_ReadPin                         0x080007ad   Thumb Code    10  stm32h7xx_hal_gpio.o(i.HAL_GPIO_ReadPin)
    HAL_GPIO_WritePin                        0x080007b7   Thumb Code    10  stm32h7xx_hal_gpio.o(i.HAL_GPIO_WritePin)
    HAL_GetREVID                             0x080007c1   Thumb Code     8  stm32h7xx_hal.o(i.HAL_GetREVID)
    HAL_GetTick                              0x080007cd   Thumb Code     6  stm32h7xx_hal.o(i.HAL_GetTick)
    HAL_IncTick                              0x080007d9   Thumb Code    12  stm32h7xx_hal.o(i.HAL_IncTick)
    HAL_Init                                 0x080007e9   Thumb Code    74  stm32h7xx_hal.o(i.HAL_Init)
    HAL_InitTick                             0x08000845   Thumb Code    56  stm32h7xx_hal.o(i.HAL_InitTick)
    HAL_MPU_ConfigRegion                     0x08000885   Thumb Code    86  stm32h7xx_hal_cortex.o(i.HAL_MPU_ConfigRegion)
    HAL_MPU_Disable                          0x080008e1   Thumb Code    24  stm32h7xx_hal_cortex.o(i.HAL_MPU_Disable)
    HAL_MPU_Enable                           0x080008fd   Thumb Code    30  stm32h7xx_hal_cortex.o(i.HAL_MPU_Enable)
    HAL_MspInit                              0x08000921   Thumb Code    22  stm32h7xx_hal_msp.o(i.HAL_MspInit)
    HAL_NVIC_EnableIRQ                       0x0800093d   Thumb Code    26  stm32h7xx_hal_cortex.o(i.HAL_NVIC_EnableIRQ)
    HAL_NVIC_SetPriority                     0x08000959   Thumb Code    60  stm32h7xx_hal_cortex.o(i.HAL_NVIC_SetPriority)
    HAL_NVIC_SetPriorityGrouping             0x08000999   Thumb Code    28  stm32h7xx_hal_cortex.o(i.HAL_NVIC_SetPriorityGrouping)
    HAL_PWREx_ConfigSupply                   0x080009bd   Thumb Code    78  stm32h7xx_hal_pwr_ex.o(i.HAL_PWREx_ConfigSupply)
    HAL_RCCEx_GetD3PCLK1Freq                 0x08000a11   Thumb Code    26  stm32h7xx_hal_rcc_ex.o(i.HAL_RCCEx_GetD3PCLK1Freq)
    HAL_RCCEx_GetPLL1ClockFreq               0x08000a35   Thumb Code   298  stm32h7xx_hal_rcc_ex.o(i.HAL_RCCEx_GetPLL1ClockFreq)
    HAL_RCCEx_GetPLL2ClockFreq               0x08000b7d   Thumb Code   296  stm32h7xx_hal_rcc_ex.o(i.HAL_RCCEx_GetPLL2ClockFreq)
    HAL_RCCEx_GetPLL3ClockFreq               0x08000cc1   Thumb Code   296  stm32h7xx_hal_rcc_ex.o(i.HAL_RCCEx_GetPLL3ClockFreq)
    HAL_RCCEx_GetPeriphCLKFreq               0x08000e05   Thumb Code   596  stm32h7xx_hal_rcc_ex.o(i.HAL_RCCEx_GetPeriphCLKFreq)
    HAL_RCCEx_PeriphCLKConfig                0x08001071   Thumb Code  2258  stm32h7xx_hal_rcc_ex.o(i.HAL_RCCEx_PeriphCLKConfig)
    HAL_RCC_ClockConfig                      0x08001945   Thumb Code   580  stm32h7xx_hal_rcc.o(i.HAL_RCC_ClockConfig)
    HAL_RCC_GetHCLKFreq                      0x08001ba1   Thumb Code    52  stm32h7xx_hal_rcc.o(i.HAL_RCC_GetHCLKFreq)
    HAL_RCC_GetSysClockFreq                  0x08001be5   Thumb Code   278  stm32h7xx_hal_rcc.o(i.HAL_RCC_GetSysClockFreq)
    HAL_RCC_OscConfig                        0x08001d1d   Thumb Code  1322  stm32h7xx_hal_rcc.o(i.HAL_RCC_OscConfig)
    HAL_SDEx_Read_DMADoubleBuf0CpltCallback  0x0800224d   Thumb Code     2  stm32h7xx_hal_sd.o(i.HAL_SDEx_Read_DMADoubleBuf0CpltCallback)
    HAL_SDEx_Read_DMADoubleBuf1CpltCallback  0x0800224f   Thumb Code     2  stm32h7xx_hal_sd.o(i.HAL_SDEx_Read_DMADoubleBuf1CpltCallback)
    HAL_SDEx_Write_DMADoubleBuf0CpltCallback 0x08002251   Thumb Code     2  stm32h7xx_hal_sd.o(i.HAL_SDEx_Write_DMADoubleBuf0CpltCallback)
    HAL_SDEx_Write_DMADoubleBuf1CpltCallback 0x08002253   Thumb Code     2  stm32h7xx_hal_sd.o(i.HAL_SDEx_Write_DMADoubleBuf1CpltCallback)
    HAL_SD_ConfigWideBusOperation            0x08002255   Thumb Code   378  stm32h7xx_hal_sd.o(i.HAL_SD_ConfigWideBusOperation)
    HAL_SD_ErrorCallback                     0x080023dd   Thumb Code     2  stm32h7xx_hal_sd.o(i.HAL_SD_ErrorCallback)
    HAL_SD_GetCardCID                        0x080023df   Thumb Code    82  stm32h7xx_hal_sd.o(i.HAL_SD_GetCardCID)
    HAL_SD_GetCardCSD                        0x08002431   Thumb Code   440  stm32h7xx_hal_sd.o(i.HAL_SD_GetCardCSD)
    HAL_SD_GetCardInfo                       0x080025ed   Thumb Code    36  stm32h7xx_hal_sd.o(i.HAL_SD_GetCardInfo)
    HAL_SD_GetCardState                      0x08002611   Thumb Code    44  stm32h7xx_hal_sd.o(i.HAL_SD_GetCardState)
    HAL_SD_GetCardStatus                     0x0800263d   Thumb Code   198  stm32h7xx_hal_sd.o(i.HAL_SD_GetCardStatus)
    HAL_SD_IRQHandler                        0x08002709   Thumb Code   570  stm32h7xx_hal_sd.o(i.HAL_SD_IRQHandler)
    HAL_SD_Init                              0x08002949   Thumb Code   154  stm32h7xx_hal_sd.o(i.HAL_SD_Init)
    HAL_SD_InitCard                          0x080029e5   Thumb Code   150  stm32h7xx_hal_sd.o(i.HAL_SD_InitCard)
    HAL_SD_MspInit                           0x08002a89   Thumb Code   174  sdmmc.o(i.HAL_SD_MspInit)
    HAL_SD_ReadBlocks                        0x08002b49   Thumb Code   444  stm32h7xx_hal_sd.o(i.HAL_SD_ReadBlocks)
    HAL_SD_RxCpltCallback                    0x08002d0d   Thumb Code     8  bsp_driver_sd.o(i.HAL_SD_RxCpltCallback)
    HAL_SD_TxCpltCallback                    0x08002d15   Thumb Code     8  bsp_driver_sd.o(i.HAL_SD_TxCpltCallback)
    HAL_SD_WriteBlocks                       0x08002d1d   Thumb Code   466  stm32h7xx_hal_sd.o(i.HAL_SD_WriteBlocks)
    HAL_SYSTICK_Config                       0x08002ef9   Thumb Code    38  stm32h7xx_hal_cortex.o(i.HAL_SYSTICK_Config)
    HardFault_Handler                        0x08002f1f   Thumb Code     2  stm32h7xx_it.o(i.HardFault_Handler)
    MX_FATFS_Init                            0x08002f21   Thumb Code    18  fatfs.o(i.MX_FATFS_Init)
    MX_GPIO_Init                             0x08002f3d   Thumb Code   146  gpio.o(i.MX_GPIO_Init)
    MX_SDMMC1_SD_Init                        0x08002fdd   Thumb Code    28  sdmmc.o(i.MX_SDMMC1_SD_Init)
    MemManage_Handler                        0x08003001   Thumb Code     2  stm32h7xx_it.o(i.MemManage_Handler)
    NMI_Handler                              0x08003003   Thumb Code     2  stm32h7xx_it.o(i.NMI_Handler)
    PendSV_Handler                           0x08003005   Thumb Code     2  stm32h7xx_it.o(i.PendSV_Handler)
    SDMMC1_IRQHandler                        0x08003249   Thumb Code     6  stm32h7xx_it.o(i.SDMMC1_IRQHandler)
    SDMMC_CmdAppCommand                      0x08003255   Thumb Code    52  stm32h7xx_ll_sdmmc.o(i.SDMMC_CmdAppCommand)
    SDMMC_CmdAppOperCommand                  0x08003289   Thumb Code    46  stm32h7xx_ll_sdmmc.o(i.SDMMC_CmdAppOperCommand)
    SDMMC_CmdBlockLength                     0x080032b7   Thumb Code    50  stm32h7xx_ll_sdmmc.o(i.SDMMC_CmdBlockLength)
    SDMMC_CmdBusWidth                        0x080032e9   Thumb Code    52  stm32h7xx_ll_sdmmc.o(i.SDMMC_CmdBusWidth)
    SDMMC_CmdGoIdleState                     0x0800331d   Thumb Code    74  stm32h7xx_ll_sdmmc.o(i.SDMMC_CmdGoIdleState)
    SDMMC_CmdOperCond                        0x08003371   Thumb Code    40  stm32h7xx_ll_sdmmc.o(i.SDMMC_CmdOperCond)
    SDMMC_CmdReadMultiBlock                  0x08003399   Thumb Code    52  stm32h7xx_ll_sdmmc.o(i.SDMMC_CmdReadMultiBlock)
    SDMMC_CmdReadSingleBlock                 0x080033cd   Thumb Code    52  stm32h7xx_ll_sdmmc.o(i.SDMMC_CmdReadSingleBlock)
    SDMMC_CmdSelDesel                        0x08003401   Thumb Code    52  stm32h7xx_ll_sdmmc.o(i.SDMMC_CmdSelDesel)
    SDMMC_CmdSendCID                         0x08003435   Thumb Code    44  stm32h7xx_ll_sdmmc.o(i.SDMMC_CmdSendCID)
    SDMMC_CmdSendCSD                         0x08003461   Thumb Code    48  stm32h7xx_ll_sdmmc.o(i.SDMMC_CmdSendCSD)
    SDMMC_CmdSendSCR                         0x08003491   Thumb Code    50  stm32h7xx_ll_sdmmc.o(i.SDMMC_CmdSendSCR)
    SDMMC_CmdSendStatus                      0x080034c3   Thumb Code    52  stm32h7xx_ll_sdmmc.o(i.SDMMC_CmdSendStatus)
    SDMMC_CmdSetRelAdd                       0x080034f7   Thumb Code    50  stm32h7xx_ll_sdmmc.o(i.SDMMC_CmdSetRelAdd)
    SDMMC_CmdStatusRegister                  0x08003529   Thumb Code    50  stm32h7xx_ll_sdmmc.o(i.SDMMC_CmdStatusRegister)
    SDMMC_CmdStopTransfer                    0x0800355d   Thumb Code    78  stm32h7xx_ll_sdmmc.o(i.SDMMC_CmdStopTransfer)
    SDMMC_CmdWriteMultiBlock                 0x080035b1   Thumb Code    52  stm32h7xx_ll_sdmmc.o(i.SDMMC_CmdWriteMultiBlock)
    SDMMC_CmdWriteSingleBlock                0x080035e5   Thumb Code    52  stm32h7xx_ll_sdmmc.o(i.SDMMC_CmdWriteSingleBlock)
    SDMMC_ConfigData                         0x08003619   Thumb Code    38  stm32h7xx_ll_sdmmc.o(i.SDMMC_ConfigData)
    SDMMC_GetCmdResp1                        0x08003641   Thumb Code   280  stm32h7xx_ll_sdmmc.o(i.SDMMC_GetCmdResp1)
    SDMMC_GetCmdResp2                        0x08003765   Thumb Code    76  stm32h7xx_ll_sdmmc.o(i.SDMMC_GetCmdResp2)
    SDMMC_GetCmdResp3                        0x080037b9   Thumb Code    62  stm32h7xx_ll_sdmmc.o(i.SDMMC_GetCmdResp3)
    SDMMC_GetCmdResp6                        0x08003801   Thumb Code   130  stm32h7xx_ll_sdmmc.o(i.SDMMC_GetCmdResp6)
    SDMMC_GetCmdResp7                        0x0800388d   Thumb Code    82  stm32h7xx_ll_sdmmc.o(i.SDMMC_GetCmdResp7)
    SDMMC_GetPowerState                      0x080038e5   Thumb Code     8  stm32h7xx_ll_sdmmc.o(i.SDMMC_GetPowerState)
    SDMMC_GetResponse                        0x080038ed   Thumb Code     6  stm32h7xx_ll_sdmmc.o(i.SDMMC_GetResponse)
    SDMMC_Init                               0x080038f5   Thumb Code    28  stm32h7xx_ll_sdmmc.o(i.SDMMC_Init)
    SDMMC_PowerState_ON                      0x08003915   Thumb Code    12  stm32h7xx_ll_sdmmc.o(i.SDMMC_PowerState_ON)
    SDMMC_ReadFIFO                           0x08003921   Thumb Code     6  stm32h7xx_ll_sdmmc.o(i.SDMMC_ReadFIFO)
    SDMMC_SendCommand                        0x08003929   Thumb Code    34  stm32h7xx_ll_sdmmc.o(i.SDMMC_SendCommand)
    SDMMC_WriteFIFO                          0x08003951   Thumb Code    10  stm32h7xx_ll_sdmmc.o(i.SDMMC_WriteFIFO)
    SD_initialize                            0x08003cf1   Thumb Code    28  sd_diskio.o(i.SD_initialize)
    SD_ioctl                                 0x08003d11   Thumb Code    84  sd_diskio.o(i.SD_ioctl)
    SD_read                                  0x08003d69   Thumb Code    38  sd_diskio.o(i.SD_read)
    SD_status                                0x08003d8f   Thumb Code     4  sd_diskio.o(i.SD_status)
    SD_write                                 0x08003d95   Thumb Code    38  sd_diskio.o(i.SD_write)
    SVC_Handler                              0x08003dbb   Thumb Code     2  stm32h7xx_it.o(i.SVC_Handler)
    SysTick_Handler                          0x08003dbd   Thumb Code     4  stm32h7xx_it.o(i.SysTick_Handler)
    SystemClock_Config                       0x08003dc1   Thumb Code   160  main.o(i.SystemClock_Config)
    SystemInit                               0x08003e69   Thumb Code   180  system_stm32h7xx.o(i.SystemInit)
    UsageFault_Handler                       0x08003f45   Thumb Code     2  stm32h7xx_it.o(i.UsageFault_Handler)
    disk_initialize                          0x08004851   Thumb Code    34  diskio.o(i.disk_initialize)
    disk_ioctl                               0x08004879   Thumb Code    20  diskio.o(i.disk_ioctl)
    disk_read                                0x08004891   Thumb Code    22  diskio.o(i.disk_read)
    disk_status                              0x080048ad   Thumb Code    16  diskio.o(i.disk_status)
    disk_write                               0x080048c1   Thumb Code    22  diskio.o(i.disk_write)
    f_close                                  0x080048dd   Thumb Code    40  ff.o(i.f_close)
    f_mount                                  0x08004905   Thumb Code    84  ff.o(i.f_mount)
    f_open                                   0x0800495d   Thumb Code   542  ff.o(i.f_open)
    f_sync                                   0x08004b81   Thumb Code   142  ff.o(i.f_sync)
    f_write                                  0x08004c0f   Thumb Code   430  ff.o(i.f_write)
    ff_convert                               0x08004dbd   Thumb Code    54  ccsbcs.o(i.ff_convert)
    ff_wtoupper                              0x08004df9   Thumb Code   120  ccsbcs.o(i.ff_wtoupper)
    get_fattime                              0x080052eb   Thumb Code     4  fatfs.o(i.get_fattime)
    main                                     0x080053f5   Thumb Code   156  main.o(i.main)
    _fp_init                                 0x08005803   Thumb Code    10  fpinit.o(x$fpl$fpinit)
    __fplib_config_fpu_vfp                   0x0800580b   Thumb Code     0  fpinit.o(x$fpl$fpinit)
    __fplib_config_pureend_doubles           0x0800580b   Thumb Code     0  fpinit.o(x$fpl$fpinit)
    SD_Driver                                0x0800580c   Data          20  sd_diskio.o(.constdata)
    D1CorePrescTable                         0x08005820   Data          16  system_stm32h7xx.o(.constdata)
    Region$$Table$$Base                      0x08005c88   Number         0  anon$$obj.o(Region$$Table)
    Region$$Table$$Limit                     0x08005ca8   Number         0  anon$$obj.o(Region$$Table)
    fr                                       0x24000000   Data           1  main.o(.data)
    write_num                                0x24000002   Data           2  main.o(.data)
    filename                                 0x24000004   Data           9  main.o(.data)
    write_dat                                0x2400000d   Data          35  main.o(.data)
    retSD                                    0x24000031   Data           1  fatfs.o(.data)
    SDPath                                   0x24000032   Data           4  fatfs.o(.data)
    uwTickFreq                               0x24000038   Data           1  stm32h7xx_hal.o(.data)
    uwTickPrio                               0x2400003c   Data           4  stm32h7xx_hal.o(.data)
    uwTick                                   0x24000040   Data           4  stm32h7xx_hal.o(.data)
    SystemCoreClock                          0x24000044   Data           4  system_stm32h7xx.o(.data)
    SystemD2Clock                            0x24000048   Data           4  system_stm32h7xx.o(.data)
    fs                                       0x24000054   Data        4152  main.o(.bss)
    fd                                       0x2400108c   Data        4144  main.o(.bss)
    hsd1                                     0x240020bc   Data         124  sdmmc.o(.bss)
    disk                                     0x24002158   Data          12  ff_gen_drv.o(.bss)
    __libspace_start                         0x24002164   Data          96  libspace.o(.bss)
    __temporary_stack_top$libspace           0x240021c4   Data           0  libspace.o(.bss)



==============================================================================

Memory Map of the image

  Image Entry point : 0x08000299

  Load Region LR_IROM1 (Base: 0x08000000, Size: 0x00005cfc, Max: 0x00020000, ABSOLUTE)

    Execution Region ER_IROM1 (Exec base: 0x08000000, Load base: 0x08000000, Size: 0x00005ca8, Max: 0x00020000, ABSOLUTE)

    Exec Addr    Load Addr    Size         Type   Attr      Idx    E Section Name        Object

    0x08000000   0x08000000   0x00000298   Data   RO            3    RESET               startup_stm32h750xx.o
    0x08000298   0x08000298   0x00000008   Code   RO         4199  * !!!main             c_w.l(__main.o)
    0x080002a0   0x080002a0   0x00000034   Code   RO         4358    !!!scatter          c_w.l(__scatter.o)
    0x080002d4   0x080002d4   0x0000001a   Code   RO         4360    !!handler_copy      c_w.l(__scatter_copy.o)
    0x080002ee   0x080002ee   0x00000002   PAD
    0x080002f0   0x080002f0   0x0000001c   Code   RO         4362    !!handler_zi        c_w.l(__scatter_zi.o)
    0x0800030c   0x0800030c   0x00000002   Code   RO         4226    .ARM.Collect$$libinit$$00000000  c_w.l(libinit.o)
    0x0800030e   0x0800030e   0x00000004   Code   RO         4232    .ARM.Collect$$libinit$$00000001  c_w.l(libinit2.o)
    0x08000312   0x08000312   0x00000000   Code   RO         4235    .ARM.Collect$$libinit$$00000004  c_w.l(libinit2.o)
    0x08000312   0x08000312   0x00000000   Code   RO         4238    .ARM.Collect$$libinit$$0000000A  c_w.l(libinit2.o)
    0x08000312   0x08000312   0x00000000   Code   RO         4240    .ARM.Collect$$libinit$$0000000C  c_w.l(libinit2.o)
    0x08000312   0x08000312   0x00000000   Code   RO         4242    .ARM.Collect$$libinit$$0000000E  c_w.l(libinit2.o)
    0x08000312   0x08000312   0x00000000   Code   RO         4245    .ARM.Collect$$libinit$$00000011  c_w.l(libinit2.o)
    0x08000312   0x08000312   0x00000000   Code   RO         4247    .ARM.Collect$$libinit$$00000013  c_w.l(libinit2.o)
    0x08000312   0x08000312   0x00000000   Code   RO         4249    .ARM.Collect$$libinit$$00000015  c_w.l(libinit2.o)
    0x08000312   0x08000312   0x00000000   Code   RO         4251    .ARM.Collect$$libinit$$00000017  c_w.l(libinit2.o)
    0x08000312   0x08000312   0x00000000   Code   RO         4253    .ARM.Collect$$libinit$$00000019  c_w.l(libinit2.o)
    0x08000312   0x08000312   0x00000000   Code   RO         4255    .ARM.Collect$$libinit$$0000001B  c_w.l(libinit2.o)
    0x08000312   0x08000312   0x00000000   Code   RO         4257    .ARM.Collect$$libinit$$0000001D  c_w.l(libinit2.o)
    0x08000312   0x08000312   0x00000000   Code   RO         4259    .ARM.Collect$$libinit$$0000001F  c_w.l(libinit2.o)
    0x08000312   0x08000312   0x00000000   Code   RO         4261    .ARM.Collect$$libinit$$00000021  c_w.l(libinit2.o)
    0x08000312   0x08000312   0x00000000   Code   RO         4263    .ARM.Collect$$libinit$$00000023  c_w.l(libinit2.o)
    0x08000312   0x08000312   0x00000000   Code   RO         4265    .ARM.Collect$$libinit$$00000025  c_w.l(libinit2.o)
    0x08000312   0x08000312   0x00000000   Code   RO         4269    .ARM.Collect$$libinit$$0000002C  c_w.l(libinit2.o)
    0x08000312   0x08000312   0x00000000   Code   RO         4271    .ARM.Collect$$libinit$$0000002E  c_w.l(libinit2.o)
    0x08000312   0x08000312   0x00000000   Code   RO         4273    .ARM.Collect$$libinit$$00000030  c_w.l(libinit2.o)
    0x08000312   0x08000312   0x00000000   Code   RO         4275    .ARM.Collect$$libinit$$00000032  c_w.l(libinit2.o)
    0x08000312   0x08000312   0x00000002   Code   RO         4276    .ARM.Collect$$libinit$$00000033  c_w.l(libinit2.o)
    0x08000314   0x08000314   0x00000002   Code   RO         4296    .ARM.Collect$$libshutdown$$00000000  c_w.l(libshutdown.o)
    0x08000316   0x08000316   0x00000000   Code   RO         4309    .ARM.Collect$$libshutdown$$00000002  c_w.l(libshutdown2.o)
    0x08000316   0x08000316   0x00000000   Code   RO         4311    .ARM.Collect$$libshutdown$$00000004  c_w.l(libshutdown2.o)
    0x08000316   0x08000316   0x00000000   Code   RO         4313    .ARM.Collect$$libshutdown$$00000006  c_w.l(libshutdown2.o)
    0x08000316   0x08000316   0x00000000   Code   RO         4316    .ARM.Collect$$libshutdown$$00000009  c_w.l(libshutdown2.o)
    0x08000316   0x08000316   0x00000000   Code   RO         4319    .ARM.Collect$$libshutdown$$0000000C  c_w.l(libshutdown2.o)
    0x08000316   0x08000316   0x00000000   Code   RO         4321    .ARM.Collect$$libshutdown$$0000000E  c_w.l(libshutdown2.o)
    0x08000316   0x08000316   0x00000000   Code   RO         4324    .ARM.Collect$$libshutdown$$00000011  c_w.l(libshutdown2.o)
    0x08000316   0x08000316   0x00000002   Code   RO         4325    .ARM.Collect$$libshutdown$$00000012  c_w.l(libshutdown2.o)
    0x08000318   0x08000318   0x00000000   Code   RO         4201    .ARM.Collect$$rtentry$$00000000  c_w.l(__rtentry.o)
    0x08000318   0x08000318   0x00000000   Code   RO         4203    .ARM.Collect$$rtentry$$00000002  c_w.l(__rtentry2.o)
    0x08000318   0x08000318   0x00000006   Code   RO         4215    .ARM.Collect$$rtentry$$00000004  c_w.l(__rtentry4.o)
    0x0800031e   0x0800031e   0x00000000   Code   RO         4205    .ARM.Collect$$rtentry$$00000009  c_w.l(__rtentry2.o)
    0x0800031e   0x0800031e   0x00000004   Code   RO         4206    .ARM.Collect$$rtentry$$0000000A  c_w.l(__rtentry2.o)
    0x08000322   0x08000322   0x00000000   Code   RO         4208    .ARM.Collect$$rtentry$$0000000C  c_w.l(__rtentry2.o)
    0x08000322   0x08000322   0x00000008   Code   RO         4209    .ARM.Collect$$rtentry$$0000000D  c_w.l(__rtentry2.o)
    0x0800032a   0x0800032a   0x00000002   Code   RO         4230    .ARM.Collect$$rtexit$$00000000  c_w.l(rtexit.o)
    0x0800032c   0x0800032c   0x00000000   Code   RO         4278    .ARM.Collect$$rtexit$$00000002  c_w.l(rtexit2.o)
    0x0800032c   0x0800032c   0x00000004   Code   RO         4279    .ARM.Collect$$rtexit$$00000003  c_w.l(rtexit2.o)
    0x08000330   0x08000330   0x00000006   Code   RO         4280    .ARM.Collect$$rtexit$$00000004  c_w.l(rtexit2.o)
    0x08000336   0x08000336   0x00000002   PAD
    0x08000338   0x08000338   0x00000040   Code   RO            4    .text               startup_stm32h750xx.o
    0x08000378   0x08000378   0x0000004e   Code   RO         4195    .text               c_w.l(rt_memclr_w.o)
    0x080003c6   0x080003c6   0x00000006   Code   RO         4197    .text               c_w.l(heapauxi.o)
    0x080003cc   0x080003cc   0x0000004a   Code   RO         4217    .text               c_w.l(sys_stackheap_outer.o)
    0x08000416   0x08000416   0x00000012   Code   RO         4219    .text               c_w.l(exit.o)
    0x08000428   0x08000428   0x00000008   Code   RO         4227    .text               c_w.l(libspace.o)
    0x08000430   0x08000430   0x0000000c   Code   RO         4288    .text               c_w.l(sys_exit.o)
    0x0800043c   0x0800043c   0x00000002   Code   RO         4299    .text               c_w.l(use_no_semi.o)
    0x0800043e   0x0800043e   0x00000000   Code   RO         4301    .text               c_w.l(indicate_semi.o)
    0x0800043e   0x0800043e   0x00000002   PAD
    0x08000440   0x08000440   0x00000018   Code   RO          558    i.BSP_PlatformIsDetected  fatfs_platform.o
    0x08000458   0x08000458   0x0000000c   Code   RO          385    i.BSP_SD_GetCardInfo  bsp_driver_sd.o
    0x08000464   0x08000464   0x00000018   Code   RO          386    i.BSP_SD_GetCardState  bsp_driver_sd.o
    0x0800047c   0x0800047c   0x00000030   Code   RO          388    i.BSP_SD_Init       bsp_driver_sd.o
    0x080004ac   0x080004ac   0x0000001a   Code   RO          389    i.BSP_SD_IsDetected  bsp_driver_sd.o
    0x080004c6   0x080004c6   0x00000002   PAD
    0x080004c8   0x080004c8   0x00000020   Code   RO          390    i.BSP_SD_ReadBlocks  bsp_driver_sd.o
    0x080004e8   0x080004e8   0x00000002   Code   RO          392    i.BSP_SD_ReadCpltCallback  bsp_driver_sd.o
    0x080004ea   0x080004ea   0x00000002   PAD
    0x080004ec   0x080004ec   0x00000020   Code   RO          393    i.BSP_SD_WriteBlocks  bsp_driver_sd.o
    0x0800050c   0x0800050c   0x00000002   Code   RO          395    i.BSP_SD_WriteCpltCallback  bsp_driver_sd.o
    0x0800050e   0x0800050e   0x00000002   Code   RO          277    i.BusFault_Handler  stm32h7xx_it.o
    0x08000510   0x08000510   0x00000002   Code   RO          278    i.DebugMon_Handler  stm32h7xx_it.o
    0x08000512   0x08000512   0x00000004   Code   RO           13    i.Error_Handler     main.o
    0x08000516   0x08000516   0x00000006   Code   RO         4090    i.FATFS_LinkDriver  ff_gen_drv.o
    0x0800051c   0x0800051c   0x00000040   Code   RO         4091    i.FATFS_LinkDriverEx  ff_gen_drv.o
    0x0800055c   0x0800055c   0x00000024   Code   RO         2095    i.HAL_Delay         stm32h7xx_hal.o
    0x08000580   0x08000580   0x0000022c   Code   RO         1234    i.HAL_GPIO_Init     stm32h7xx_hal_gpio.o
    0x080007ac   0x080007ac   0x0000000a   Code   RO         1236    i.HAL_GPIO_ReadPin  stm32h7xx_hal_gpio.o
    0x080007b6   0x080007b6   0x0000000a   Code   RO         1238    i.HAL_GPIO_WritePin  stm32h7xx_hal_gpio.o
    0x080007c0   0x080007c0   0x0000000c   Code   RO         2106    i.HAL_GetREVID      stm32h7xx_hal.o
    0x080007cc   0x080007cc   0x0000000c   Code   RO         2107    i.HAL_GetTick       stm32h7xx_hal.o
    0x080007d8   0x080007d8   0x00000010   Code   RO         2113    i.HAL_IncTick       stm32h7xx_hal.o
    0x080007e8   0x080007e8   0x0000005c   Code   RO         2114    i.HAL_Init          stm32h7xx_hal.o
    0x08000844   0x08000844   0x00000040   Code   RO         2115    i.HAL_InitTick      stm32h7xx_hal.o
    0x08000884   0x08000884   0x0000005c   Code   RO          621    i.HAL_MPU_ConfigRegion  stm32h7xx_hal_cortex.o
    0x080008e0   0x080008e0   0x0000001c   Code   RO          622    i.HAL_MPU_Disable   stm32h7xx_hal_cortex.o
    0x080008fc   0x080008fc   0x00000024   Code   RO          623    i.HAL_MPU_Enable    stm32h7xx_hal_cortex.o
    0x08000920   0x08000920   0x0000001c   Code   RO          359    i.HAL_MspInit       stm32h7xx_hal_msp.o
    0x0800093c   0x0800093c   0x0000001a   Code   RO          626    i.HAL_NVIC_EnableIRQ  stm32h7xx_hal_cortex.o
    0x08000956   0x08000956   0x00000002   PAD
    0x08000958   0x08000958   0x00000040   Code   RO          632    i.HAL_NVIC_SetPriority  stm32h7xx_hal_cortex.o
    0x08000998   0x08000998   0x00000024   Code   RO          633    i.HAL_NVIC_SetPriorityGrouping  stm32h7xx_hal_cortex.o
    0x080009bc   0x080009bc   0x00000054   Code   RO         1835    i.HAL_PWREx_ConfigSupply  stm32h7xx_hal_pwr_ex.o
    0x08000a10   0x08000a10   0x00000024   Code   RO          877    i.HAL_RCCEx_GetD3PCLK1Freq  stm32h7xx_hal_rcc_ex.o
    0x08000a34   0x08000a34   0x00000148   Code   RO          878    i.HAL_RCCEx_GetPLL1ClockFreq  stm32h7xx_hal_rcc_ex.o
    0x08000b7c   0x08000b7c   0x00000144   Code   RO          879    i.HAL_RCCEx_GetPLL2ClockFreq  stm32h7xx_hal_rcc_ex.o
    0x08000cc0   0x08000cc0   0x00000144   Code   RO          880    i.HAL_RCCEx_GetPLL3ClockFreq  stm32h7xx_hal_rcc_ex.o
    0x08000e04   0x08000e04   0x0000026c   Code   RO          882    i.HAL_RCCEx_GetPeriphCLKFreq  stm32h7xx_hal_rcc_ex.o
    0x08001070   0x08001070   0x000008d2   Code   RO          886    i.HAL_RCCEx_PeriphCLKConfig  stm32h7xx_hal_rcc_ex.o
    0x08001942   0x08001942   0x00000002   PAD
    0x08001944   0x08001944   0x0000025c   Code   RO          762    i.HAL_RCC_ClockConfig  stm32h7xx_hal_rcc.o
    0x08001ba0   0x08001ba0   0x00000044   Code   RO          767    i.HAL_RCC_GetHCLKFreq  stm32h7xx_hal_rcc.o
    0x08001be4   0x08001be4   0x00000138   Code   RO          771    i.HAL_RCC_GetSysClockFreq  stm32h7xx_hal_rcc.o
    0x08001d1c   0x08001d1c   0x00000530   Code   RO          774    i.HAL_RCC_OscConfig  stm32h7xx_hal_rcc.o
    0x0800224c   0x0800224c   0x00000002   Code   RO         3328    i.HAL_SDEx_Read_DMADoubleBuf0CpltCallback  stm32h7xx_hal_sd.o
    0x0800224e   0x0800224e   0x00000002   Code   RO         3329    i.HAL_SDEx_Read_DMADoubleBuf1CpltCallback  stm32h7xx_hal_sd.o
    0x08002250   0x08002250   0x00000002   Code   RO         3330    i.HAL_SDEx_Write_DMADoubleBuf0CpltCallback  stm32h7xx_hal_sd.o
    0x08002252   0x08002252   0x00000002   Code   RO         3331    i.HAL_SDEx_Write_DMADoubleBuf1CpltCallback  stm32h7xx_hal_sd.o
    0x08002254   0x08002254   0x00000188   Code   RO         3336    i.HAL_SD_ConfigWideBusOperation  stm32h7xx_hal_sd.o
    0x080023dc   0x080023dc   0x00000002   Code   RO         3339    i.HAL_SD_ErrorCallback  stm32h7xx_hal_sd.o
    0x080023de   0x080023de   0x00000052   Code   RO         3340    i.HAL_SD_GetCardCID  stm32h7xx_hal_sd.o
    0x08002430   0x08002430   0x000001bc   Code   RO         3341    i.HAL_SD_GetCardCSD  stm32h7xx_hal_sd.o
    0x080025ec   0x080025ec   0x00000024   Code   RO         3342    i.HAL_SD_GetCardInfo  stm32h7xx_hal_sd.o
    0x08002610   0x08002610   0x0000002c   Code   RO         3343    i.HAL_SD_GetCardState  stm32h7xx_hal_sd.o
    0x0800263c   0x0800263c   0x000000cc   Code   RO         3344    i.HAL_SD_GetCardStatus  stm32h7xx_hal_sd.o
    0x08002708   0x08002708   0x00000240   Code   RO         3347    i.HAL_SD_IRQHandler  stm32h7xx_hal_sd.o
    0x08002948   0x08002948   0x0000009a   Code   RO         3348    i.HAL_SD_Init       stm32h7xx_hal_sd.o
    0x080029e2   0x080029e2   0x00000002   PAD
    0x080029e4   0x080029e4   0x000000a4   Code   RO         3349    i.HAL_SD_InitCard   stm32h7xx_hal_sd.o
    0x08002a88   0x08002a88   0x000000c0   Code   RO          236    i.HAL_SD_MspInit    sdmmc.o
    0x08002b48   0x08002b48   0x000001c4   Code   RO         3352    i.HAL_SD_ReadBlocks  stm32h7xx_hal_sd.o
    0x08002d0c   0x08002d0c   0x00000008   Code   RO          397    i.HAL_SD_RxCpltCallback  bsp_driver_sd.o
    0x08002d14   0x08002d14   0x00000008   Code   RO          398    i.HAL_SD_TxCpltCallback  bsp_driver_sd.o
    0x08002d1c   0x08002d1c   0x000001dc   Code   RO         3357    i.HAL_SD_WriteBlocks  stm32h7xx_hal_sd.o
    0x08002ef8   0x08002ef8   0x00000026   Code   RO          637    i.HAL_SYSTICK_Config  stm32h7xx_hal_cortex.o
    0x08002f1e   0x08002f1e   0x00000002   Code   RO          279    i.HardFault_Handler  stm32h7xx_it.o
    0x08002f20   0x08002f20   0x0000001c   Code   RO          582    i.MX_FATFS_Init     fatfs.o
    0x08002f3c   0x08002f3c   0x000000a0   Code   RO          211    i.MX_GPIO_Init      gpio.o
    0x08002fdc   0x08002fdc   0x00000024   Code   RO          237    i.MX_SDMMC1_SD_Init  sdmmc.o
    0x08003000   0x08003000   0x00000002   Code   RO          280    i.MemManage_Handler  stm32h7xx_it.o
    0x08003002   0x08003002   0x00000002   Code   RO          281    i.NMI_Handler       stm32h7xx_it.o
    0x08003004   0x08003004   0x00000002   Code   RO          282    i.PendSV_Handler    stm32h7xx_it.o
    0x08003006   0x08003006   0x00000002   PAD
    0x08003008   0x08003008   0x00000120   Code   RO          889    i.RCCEx_PLL2_Config  stm32h7xx_hal_rcc_ex.o
    0x08003128   0x08003128   0x00000120   Code   RO          890    i.RCCEx_PLL3_Config  stm32h7xx_hal_rcc_ex.o
    0x08003248   0x08003248   0x0000000c   Code   RO          283    i.SDMMC1_IRQHandler  stm32h7xx_it.o
    0x08003254   0x08003254   0x00000034   Code   RO         2988    i.SDMMC_CmdAppCommand  stm32h7xx_ll_sdmmc.o
    0x08003288   0x08003288   0x0000002e   Code   RO         2989    i.SDMMC_CmdAppOperCommand  stm32h7xx_ll_sdmmc.o
    0x080032b6   0x080032b6   0x00000032   Code   RO         2990    i.SDMMC_CmdBlockLength  stm32h7xx_ll_sdmmc.o
    0x080032e8   0x080032e8   0x00000034   Code   RO         2991    i.SDMMC_CmdBusWidth  stm32h7xx_ll_sdmmc.o
    0x0800331c   0x0800331c   0x00000054   Code   RO         2995    i.SDMMC_CmdGoIdleState  stm32h7xx_ll_sdmmc.o
    0x08003370   0x08003370   0x00000028   Code   RO         2997    i.SDMMC_CmdOperCond  stm32h7xx_ll_sdmmc.o
    0x08003398   0x08003398   0x00000034   Code   RO         2998    i.SDMMC_CmdReadMultiBlock  stm32h7xx_ll_sdmmc.o
    0x080033cc   0x080033cc   0x00000034   Code   RO         2999    i.SDMMC_CmdReadSingleBlock  stm32h7xx_ll_sdmmc.o
    0x08003400   0x08003400   0x00000034   Code   RO         3002    i.SDMMC_CmdSelDesel  stm32h7xx_ll_sdmmc.o
    0x08003434   0x08003434   0x0000002c   Code   RO         3003    i.SDMMC_CmdSendCID  stm32h7xx_ll_sdmmc.o
    0x08003460   0x08003460   0x00000030   Code   RO         3004    i.SDMMC_CmdSendCSD  stm32h7xx_ll_sdmmc.o
    0x08003490   0x08003490   0x00000032   Code   RO         3006    i.SDMMC_CmdSendSCR  stm32h7xx_ll_sdmmc.o
    0x080034c2   0x080034c2   0x00000034   Code   RO         3007    i.SDMMC_CmdSendStatus  stm32h7xx_ll_sdmmc.o
    0x080034f6   0x080034f6   0x00000032   Code   RO         3008    i.SDMMC_CmdSetRelAdd  stm32h7xx_ll_sdmmc.o
    0x08003528   0x08003528   0x00000032   Code   RO         3011    i.SDMMC_CmdStatusRegister  stm32h7xx_ll_sdmmc.o
    0x0800355a   0x0800355a   0x00000002   PAD
    0x0800355c   0x0800355c   0x00000054   Code   RO         3012    i.SDMMC_CmdStopTransfer  stm32h7xx_ll_sdmmc.o
    0x080035b0   0x080035b0   0x00000034   Code   RO         3015    i.SDMMC_CmdWriteMultiBlock  stm32h7xx_ll_sdmmc.o
    0x080035e4   0x080035e4   0x00000034   Code   RO         3016    i.SDMMC_CmdWriteSingleBlock  stm32h7xx_ll_sdmmc.o
    0x08003618   0x08003618   0x00000026   Code   RO         3017    i.SDMMC_ConfigData  stm32h7xx_ll_sdmmc.o
    0x0800363e   0x0800363e   0x00000002   PAD
    0x08003640   0x08003640   0x00000124   Code   RO         3018    i.SDMMC_GetCmdResp1  stm32h7xx_ll_sdmmc.o
    0x08003764   0x08003764   0x00000054   Code   RO         3019    i.SDMMC_GetCmdResp2  stm32h7xx_ll_sdmmc.o
    0x080037b8   0x080037b8   0x00000048   Code   RO         3020    i.SDMMC_GetCmdResp3  stm32h7xx_ll_sdmmc.o
    0x08003800   0x08003800   0x0000008c   Code   RO         3021    i.SDMMC_GetCmdResp6  stm32h7xx_ll_sdmmc.o
    0x0800388c   0x0800388c   0x00000058   Code   RO         3022    i.SDMMC_GetCmdResp7  stm32h7xx_ll_sdmmc.o
    0x080038e4   0x080038e4   0x00000008   Code   RO         3026    i.SDMMC_GetPowerState  stm32h7xx_ll_sdmmc.o
    0x080038ec   0x080038ec   0x00000006   Code   RO         3027    i.SDMMC_GetResponse  stm32h7xx_ll_sdmmc.o
    0x080038f2   0x080038f2   0x00000002   PAD
    0x080038f4   0x080038f4   0x00000020   Code   RO         3028    i.SDMMC_Init        stm32h7xx_ll_sdmmc.o
    0x08003914   0x08003914   0x0000000c   Code   RO         3031    i.SDMMC_PowerState_ON  stm32h7xx_ll_sdmmc.o
    0x08003920   0x08003920   0x00000006   Code   RO         3032    i.SDMMC_ReadFIFO    stm32h7xx_ll_sdmmc.o
    0x08003926   0x08003926   0x00000002   PAD
    0x08003928   0x08003928   0x00000028   Code   RO         3033    i.SDMMC_SendCommand  stm32h7xx_ll_sdmmc.o
    0x08003950   0x08003950   0x0000000a   Code   RO         3035    i.SDMMC_WriteFIFO   stm32h7xx_ll_sdmmc.o
    0x0800395a   0x0800395a   0x00000002   PAD
    0x0800395c   0x0800395c   0x00000020   Code   RO          498    i.SD_CheckStatus    sd_diskio.o
    0x0800397c   0x0800397c   0x000000e4   Code   RO         3360    i.SD_FindSCR        stm32h7xx_hal_sd.o
    0x08003a60   0x08003a60   0x000000f6   Code   RO         3362    i.SD_InitCard       stm32h7xx_hal_sd.o
    0x08003b56   0x08003b56   0x00000002   PAD
    0x08003b58   0x08003b58   0x000000b4   Code   RO         3363    i.SD_PowerON        stm32h7xx_hal_sd.o
    0x08003c0c   0x08003c0c   0x000000e4   Code   RO         3364    i.SD_SendSDStatus   stm32h7xx_hal_sd.o
    0x08003cf0   0x08003cf0   0x00000020   Code   RO          499    i.SD_initialize     sd_diskio.o
    0x08003d10   0x08003d10   0x00000058   Code   RO          500    i.SD_ioctl          sd_diskio.o
    0x08003d68   0x08003d68   0x00000026   Code   RO          501    i.SD_read           sd_diskio.o
    0x08003d8e   0x08003d8e   0x00000004   Code   RO          502    i.SD_status         sd_diskio.o
    0x08003d92   0x08003d92   0x00000002   PAD
    0x08003d94   0x08003d94   0x00000026   Code   RO          503    i.SD_write          sd_diskio.o
    0x08003dba   0x08003dba   0x00000002   Code   RO          284    i.SVC_Handler       stm32h7xx_it.o
    0x08003dbc   0x08003dbc   0x00000004   Code   RO          285    i.SysTick_Handler   stm32h7xx_it.o
    0x08003dc0   0x08003dc0   0x000000a8   Code   RO           14    i.SystemClock_Config  main.o
    0x08003e68   0x08003e68   0x000000dc   Code   RO         3642    i.SystemInit        system_stm32h7xx.o
    0x08003f44   0x08003f44   0x00000002   Code   RO          286    i.UsageFault_Handler  stm32h7xx_it.o
    0x08003f46   0x08003f46   0x00000022   Code   RO          639    i.__NVIC_SetPriority  stm32h7xx_hal_cortex.o
    0x08003f68   0x08003f68   0x00000070   Code   RO         3733    i.check_fs          ff.o
    0x08003fd8   0x08003fd8   0x00000010   Code   RO         3734    i.chk_chr           ff.o
    0x08003fe8   0x08003fe8   0x0000005c   Code   RO         3735    i.chk_lock          ff.o
    0x08004044   0x08004044   0x00000020   Code   RO         3736    i.clear_lock        ff.o
    0x08004064   0x08004064   0x00000026   Code   RO         3737    i.clmt_clust        ff.o
    0x0800408a   0x0800408a   0x00000018   Code   RO         3738    i.clust2sect        ff.o
    0x080040a2   0x080040a2   0x00000002   PAD
    0x080040a4   0x080040a4   0x00000080   Code   RO         3739    i.cmp_lfn           ff.o
    0x08004124   0x08004124   0x000000a6   Code   RO         3740    i.create_chain      ff.o
    0x080041ca   0x080041ca   0x00000002   PAD
    0x080041cc   0x080041cc   0x00000204   Code   RO         3741    i.create_name       ff.o
    0x080043d0   0x080043d0   0x00000034   Code   RO         3742    i.dec_lock          ff.o
    0x08004404   0x08004404   0x000000d2   Code   RO         3743    i.dir_find          ff.o
    0x080044d6   0x080044d6   0x00000002   PAD
    0x080044d8   0x080044d8   0x00000102   Code   RO         3744    i.dir_next          ff.o
    0x080045da   0x080045da   0x00000002   PAD
    0x080045dc   0x080045dc   0x000001e4   Code   RO         3746    i.dir_register      ff.o
    0x080047c0   0x080047c0   0x0000008e   Code   RO         3748    i.dir_sdi           ff.o
    0x0800484e   0x0800484e   0x00000002   PAD
    0x08004850   0x08004850   0x00000028   Code   RO         3678    i.disk_initialize   diskio.o
    0x08004878   0x08004878   0x00000018   Code   RO         3679    i.disk_ioctl        diskio.o
    0x08004890   0x08004890   0x0000001c   Code   RO         3680    i.disk_read         diskio.o
    0x080048ac   0x080048ac   0x00000014   Code   RO         3681    i.disk_status       diskio.o
    0x080048c0   0x080048c0   0x0000001c   Code   RO         3682    i.disk_write        diskio.o
    0x080048dc   0x080048dc   0x00000028   Code   RO         3749    i.f_close           ff.o
    0x08004904   0x08004904   0x00000058   Code   RO         3756    i.f_mount           ff.o
    0x0800495c   0x0800495c   0x00000224   Code   RO         3757    i.f_open            ff.o
    0x08004b80   0x08004b80   0x0000008e   Code   RO         3766    i.f_sync            ff.o
    0x08004c0e   0x08004c0e   0x000001ae   Code   RO         3769    i.f_write           ff.o
    0x08004dbc   0x08004dbc   0x0000003c   Code   RO         4164    i.ff_convert        ccsbcs.o
    0x08004df8   0x08004df8   0x00000080   Code   RO         4165    i.ff_wtoupper       ccsbcs.o
    0x08004e78   0x08004e78   0x0000028c   Code   RO         3770    i.find_volume       ff.o
    0x08005104   0x08005104   0x0000007a   Code   RO         3771    i.follow_path       ff.o
    0x0800517e   0x0800517e   0x00000002   PAD
    0x08005180   0x08005180   0x00000080   Code   RO         3772    i.gen_numname       ff.o
    0x08005200   0x08005200   0x000000ea   Code   RO         3773    i.get_fat           ff.o
    0x080052ea   0x080052ea   0x00000004   Code   RO          583    i.get_fattime       fatfs.o
    0x080052ee   0x080052ee   0x0000003c   Code   RO         3775    i.get_ldnumber      ff.o
    0x0800532a   0x0800532a   0x00000002   PAD
    0x0800532c   0x0800532c   0x00000080   Code   RO         3776    i.inc_lock          ff.o
    0x080053ac   0x080053ac   0x00000026   Code   RO         3777    i.ld_clust          ff.o
    0x080053d2   0x080053d2   0x00000016   Code   RO         3778    i.ld_dword          ff.o
    0x080053e8   0x080053e8   0x0000000a   Code   RO         3779    i.ld_word           ff.o
    0x080053f2   0x080053f2   0x00000002   PAD
    0x080053f4   0x080053f4   0x000000b0   Code   RO           15    i.main              main.o
    0x080054a4   0x080054a4   0x00000012   Code   RO         3780    i.mem_cpy           ff.o
    0x080054b6   0x080054b6   0x00000002   PAD
    0x080054b8   0x080054b8   0x0000000e   Code   RO         3781    i.mem_set           ff.o
    0x080054c6   0x080054c6   0x00000032   Code   RO         3782    i.move_window       ff.o
    0x080054f8   0x080054f8   0x0000012c   Code   RO         3784    i.put_fat           ff.o
    0x08005624   0x08005624   0x00000074   Code   RO         3787    i.remove_chain      ff.o
    0x08005698   0x08005698   0x00000028   Code   RO         3788    i.st_clust          ff.o
    0x080056c0   0x080056c0   0x00000010   Code   RO         3789    i.st_dword          ff.o
    0x080056d0   0x080056d0   0x00000008   Code   RO         3790    i.st_word           ff.o
    0x080056d8   0x080056d8   0x0000001c   Code   RO         3791    i.sum_sfn           ff.o
    0x080056f4   0x080056f4   0x00000088   Code   RO         3792    i.sync_fs           ff.o
    0x0800577c   0x0800577c   0x00000052   Code   RO         3793    i.sync_window       ff.o
    0x080057ce   0x080057ce   0x00000034   Code   RO         3794    i.validate          ff.o
    0x08005802   0x08005802   0x0000000a   Code   RO         4286    x$fpl$fpinit        fz_wv.l(fpinit.o)
    0x0800580c   0x0800580c   0x00000014   Data   RO          504    .constdata          sd_diskio.o
    0x08005820   0x08005820   0x00000010   Data   RO         3643    .constdata          system_stm32h7xx.o
    0x08005830   0x08005830   0x000000aa   Data   RO         3796    .constdata          ff.o
    0x080058da   0x080058da   0x000003ae   Data   RO         4166    .constdata          ccsbcs.o
    0x08005c88   0x08005c88   0x00000020   Data   RO         4356    Region$$Table       anon$$obj.o


    Execution Region RW_IRAM1 (Exec base: 0x20000000, Load base: 0x08005ca8, Size: 0x00000000, Max: 0x00020000, ABSOLUTE)

    **** No section assigned to this execution region ****


    Execution Region RW_IRAM2 (Exec base: 0x24000000, Load base: 0x08005ca8, Size: 0x000041c8, Max: 0x00080000, ABSOLUTE)

    Exec Addr    Load Addr    Size         Type   Attr      Idx    E Section Name        Object

    0x24000000   0x08005ca8   0x00000030   Data   RW           17    .data               main.o
    0x24000030   0x08005cd8   0x00000001   Data   RW          505    .data               sd_diskio.o
    0x24000031   0x08005cd9   0x00000005   Data   RW          586    .data               fatfs.o
    0x24000036   0x08005cde   0x00000002   PAD
    0x24000038   0x08005ce0   0x0000000c   Data   RW         2136    .data               stm32h7xx_hal.o
    0x24000044   0x08005cec   0x00000008   Data   RW         3644    .data               system_stm32h7xx.o
    0x2400004c   0x08005cf4   0x00000008   Data   RW         3797    .data               ff.o
    0x24000054        -       0x00002068   Zero   RW           16    .bss                main.o
    0x240020bc        -       0x0000007c   Zero   RW          238    .bss                sdmmc.o
    0x24002138        -       0x00000020   Zero   RW         3795    .bss                ff.o
    0x24002158        -       0x0000000c   Zero   RW         4094    .bss                ff_gen_drv.o
    0x24002164        -       0x00000060   Zero   RW         4228    .bss                c_w.l(libspace.o)
    0x240021c4   0x08005cfc   0x00000004   PAD
    0x240021c8        -       0x00001000   Zero   RW            2    HEAP                startup_stm32h750xx.o
    0x240031c8        -       0x00001000   Zero   RW            1    STACK               startup_stm32h750xx.o


==============================================================================

Image component sizes


      Code (inc. data)   RO Data    RW Data    ZI Data      Debug   Object Name

       194         26          0          0          0       6226   bsp_driver_sd.o
       188         24        942          0          0       2391   ccsbcs.o
       140         26          0          0          0       3873   diskio.o
        32         10          0          5          0       1648   fatfs.o
        24          4          0          0          0        573   fatfs_platform.o
      5772         98        170          8         32      43793   ff.o
        70          6          0          0         12       1679   ff_gen_drv.o
       160         14          0          0          0       1103   gpio.o
       348         28          0         48       8296    1224105   main.o
       232         14         20          1          0       4716   sd_diskio.o
       228         26          0          0        124       1892   sdmmc.o
        64         26        664          0       8192        844   startup_stm32h750xx.o
       232         44          0         12          0      23440   stm32h7xx_hal.o
       354         28          0          0          0      41901   stm32h7xx_hal_cortex.o
       576         50          0          0          0       2975   stm32h7xx_hal_gpio.o
        28          6          0          0          0        934   stm32h7xx_hal_msp.o
        84          6          0          0          0        789   stm32h7xx_hal_pwr_ex.o
      2312         88          0          0          0       5986   stm32h7xx_hal_rcc.o
      4466        172          0          0          0      10483   stm32h7xx_hal_rcc_ex.o
      3916         76          0          0          0      20904   stm32h7xx_hal_sd.o
        32          6          0          0          0       4634   stm32h7xx_it.o
      1790         72          0          0          0      24590   stm32h7xx_ll_sdmmc.o
         0          0          0          0          0        540   syscall.o
       220         40         16          8          0       1502   system_stm32h7xx.o

    ----------------------------------------------------------------------
     21506        890       1844         84      16656    1431521   Object Totals
         0          0         32          0          0          0   (incl. Generated)
        44          0          0          2          0          0   (incl. Padding)

    ----------------------------------------------------------------------

      Code (inc. data)   RO Data    RW Data    ZI Data      Debug   Library Member Name

         8          0          0          0          0         68   __main.o
         0          0          0          0          0          0   __rtentry.o
        12          0          0          0          0          0   __rtentry2.o
         6          0          0          0          0          0   __rtentry4.o
        52          8          0          0          0          0   __scatter.o
        26          0          0          0          0          0   __scatter_copy.o
        28          0          0          0          0          0   __scatter_zi.o
        18          0          0          0          0         80   exit.o
         6          0          0          0          0        152   heapauxi.o
         0          0          0          0          0          0   indicate_semi.o
         2          0          0          0          0          0   libinit.o
         6          0          0          0          0          0   libinit2.o
         2          0          0          0          0          0   libshutdown.o
         2          0          0          0          0          0   libshutdown2.o
         8          4          0          0         96         68   libspace.o
        78          0          0          0          0         80   rt_memclr_w.o
         2          0          0          0          0          0   rtexit.o
        10          0          0          0          0          0   rtexit2.o
        12          4          0          0          0         68   sys_exit.o
        74          0          0          0          0         80   sys_stackheap_outer.o
         2          0          0          0          0         68   use_no_semi.o
        10          0          0          0          0        116   fpinit.o

    ----------------------------------------------------------------------
       370         16          0          0        100        780   Library Totals
         6          0          0          0          4          0   (incl. Padding)

    ----------------------------------------------------------------------

      Code (inc. data)   RO Data    RW Data    ZI Data      Debug   Library Name

       354         16          0          0         96        664   c_w.l
        10          0          0          0          0        116   fz_wv.l

    ----------------------------------------------------------------------
       370         16          0          0        100        780   Library Totals

    ----------------------------------------------------------------------

==============================================================================


      Code (inc. data)   RO Data    RW Data    ZI Data      Debug   

     21876        906       1844         84      16756    1416393   Grand Totals
     21876        906       1844         84      16756    1416393   ELF Image Totals
     21876        906       1844         84          0          0   ROM Totals

==============================================================================

    Total RO  Size (Code + RO Data)                23720 (  23.16kB)
    Total RW  Size (RW Data + ZI Data)             16840 (  16.45kB)
    Total ROM Size (Code + RO Data + RW Data)      23804 (  23.25kB)

==============================================================================

